ARM GAS  C:\Users\LOCALA~1\AppData\Local\Temp\ccfFUibe.s 			page 1


   1              		.syntax unified
   2              		.cpu cortex-m3
   3              		.fpu softvfp
   4              		.eabi_attribute 20, 1
   5              		.eabi_attribute 21, 1
   6              		.eabi_attribute 23, 3
   7              		.eabi_attribute 24, 1
   8              		.eabi_attribute 25, 1
   9              		.eabi_attribute 26, 1
  10              		.eabi_attribute 30, 6
  11              		.eabi_attribute 34, 1
  12              		.eabi_attribute 18, 4
  13              		.thumb
  14              		.file	"PrISM_1_PM.c"
  15              		.text
  16              	.Ltext0:
  17              		.cfi_sections	.debug_frame
  18              		.data
  19              		.align	2
  20              		.type	PrISM_1_backup, %object
  21              		.size	PrISM_1_backup, 5
  22              	PrISM_1_backup:
  23 0000 00       		.byte	0
  24 0001 04       		.byte	4
  25 0002 FF       		.byte	-1
  26 0003 FF       		.byte	-1
  27 0004 B8       		.byte	-72
  28 0005 000000   		.section	.text.PrISM_1_SaveConfig,"ax",%progbits
  29              		.align	2
  30              		.global	PrISM_1_SaveConfig
  31              		.thumb
  32              		.thumb_func
  33              		.type	PrISM_1_SaveConfig, %function
  34              	PrISM_1_SaveConfig:
  35              	.LFB0:
  36              		.file 1 "Generated_Source\\PSoC5\\PrISM_1_PM.c"
   1:Generated_Source\PSoC5/PrISM_1_PM.c **** /*******************************************************************************
   2:Generated_Source\PSoC5/PrISM_1_PM.c **** * File Name: PrISM_1_PM.c
   3:Generated_Source\PSoC5/PrISM_1_PM.c **** * Version 2.20
   4:Generated_Source\PSoC5/PrISM_1_PM.c **** *
   5:Generated_Source\PSoC5/PrISM_1_PM.c **** * Description:
   6:Generated_Source\PSoC5/PrISM_1_PM.c **** *  This file provides Sleep/WakeUp APIs functionality of the PrISM component
   7:Generated_Source\PSoC5/PrISM_1_PM.c **** *
   8:Generated_Source\PSoC5/PrISM_1_PM.c **** * Note:
   9:Generated_Source\PSoC5/PrISM_1_PM.c **** *
  10:Generated_Source\PSoC5/PrISM_1_PM.c **** ********************************************************************************
  11:Generated_Source\PSoC5/PrISM_1_PM.c **** * Copyright 2008-2012, Cypress Semiconductor Corporation.  All rights reserved.
  12:Generated_Source\PSoC5/PrISM_1_PM.c **** * You may use this file only in accordance with the license, terms, conditions, 
  13:Generated_Source\PSoC5/PrISM_1_PM.c **** * disclaimers, and limitations in the end user license agreement accompanying 
  14:Generated_Source\PSoC5/PrISM_1_PM.c **** * the software package with which this file was provided.
  15:Generated_Source\PSoC5/PrISM_1_PM.c **** *******************************************************************************/
  16:Generated_Source\PSoC5/PrISM_1_PM.c **** 
  17:Generated_Source\PSoC5/PrISM_1_PM.c **** #include "PrISM_1.h"
  18:Generated_Source\PSoC5/PrISM_1_PM.c **** 
  19:Generated_Source\PSoC5/PrISM_1_PM.c **** 
  20:Generated_Source\PSoC5/PrISM_1_PM.c **** /***************************************
  21:Generated_Source\PSoC5/PrISM_1_PM.c **** * Local data allocation
ARM GAS  C:\Users\LOCALA~1\AppData\Local\Temp\ccfFUibe.s 			page 2


  22:Generated_Source\PSoC5/PrISM_1_PM.c **** ***************************************/
  23:Generated_Source\PSoC5/PrISM_1_PM.c **** static PrISM_1_BACKUP_STRUCT  PrISM_1_backup = 
  24:Generated_Source\PSoC5/PrISM_1_PM.c **** {
  25:Generated_Source\PSoC5/PrISM_1_PM.c ****     /* enableState */
  26:Generated_Source\PSoC5/PrISM_1_PM.c ****     0u,
  27:Generated_Source\PSoC5/PrISM_1_PM.c ****     /* cr */
  28:Generated_Source\PSoC5/PrISM_1_PM.c ****     #if(!PrISM_1_PULSE_TYPE_HARDCODED)
  29:Generated_Source\PSoC5/PrISM_1_PM.c ****        (((PrISM_1_GREATERTHAN_OR_EQUAL == PrISM_1_COMPARE0) ? \
  30:Generated_Source\PSoC5/PrISM_1_PM.c ****                                                 PrISM_1_CTRL_COMPARE_TYPE0_GREATER_THAN_OR_EQUAL : 
  31:Generated_Source\PSoC5/PrISM_1_PM.c ****         ((PrISM_1_GREATERTHAN_OR_EQUAL == PrISM_1_COMPARE1) ? \
  32:Generated_Source\PSoC5/PrISM_1_PM.c ****                                                 PrISM_1_CTRL_COMPARE_TYPE1_GREATER_THAN_OR_EQUAL : 
  33:Generated_Source\PSoC5/PrISM_1_PM.c ****     #endif /* End PrISM_1_PULSE_TYPE_HARDCODED */
  34:Generated_Source\PSoC5/PrISM_1_PM.c ****     /* seed */    
  35:Generated_Source\PSoC5/PrISM_1_PM.c ****     PrISM_1_SEED,
  36:Generated_Source\PSoC5/PrISM_1_PM.c ****     /* seed_copy */    
  37:Generated_Source\PSoC5/PrISM_1_PM.c ****     PrISM_1_SEED,
  38:Generated_Source\PSoC5/PrISM_1_PM.c ****     /* polynom */
  39:Generated_Source\PSoC5/PrISM_1_PM.c ****     PrISM_1_POLYNOM,
  40:Generated_Source\PSoC5/PrISM_1_PM.c ****     #if(CY_UDB_V0)
  41:Generated_Source\PSoC5/PrISM_1_PM.c ****         /* density0 */
  42:Generated_Source\PSoC5/PrISM_1_PM.c ****         PrISM_1_DENSITY0,
  43:Generated_Source\PSoC5/PrISM_1_PM.c ****         /* density1 */
  44:Generated_Source\PSoC5/PrISM_1_PM.c ****         PrISM_1_DENSITY1,
  45:Generated_Source\PSoC5/PrISM_1_PM.c ****     #endif /*End CY_UDB_V0*/
  46:Generated_Source\PSoC5/PrISM_1_PM.c **** };
  47:Generated_Source\PSoC5/PrISM_1_PM.c **** 
  48:Generated_Source\PSoC5/PrISM_1_PM.c **** 
  49:Generated_Source\PSoC5/PrISM_1_PM.c **** /*******************************************************************************
  50:Generated_Source\PSoC5/PrISM_1_PM.c **** * Function Name: PrISM_1_SaveConfig
  51:Generated_Source\PSoC5/PrISM_1_PM.c **** ********************************************************************************
  52:Generated_Source\PSoC5/PrISM_1_PM.c **** *
  53:Generated_Source\PSoC5/PrISM_1_PM.c **** * Summary:
  54:Generated_Source\PSoC5/PrISM_1_PM.c **** *  Saves the current user configuration.
  55:Generated_Source\PSoC5/PrISM_1_PM.c **** *  
  56:Generated_Source\PSoC5/PrISM_1_PM.c **** * Parameters:  
  57:Generated_Source\PSoC5/PrISM_1_PM.c **** *  None.
  58:Generated_Source\PSoC5/PrISM_1_PM.c **** *
  59:Generated_Source\PSoC5/PrISM_1_PM.c **** * Return: 
  60:Generated_Source\PSoC5/PrISM_1_PM.c **** *  None.
  61:Generated_Source\PSoC5/PrISM_1_PM.c **** *
  62:Generated_Source\PSoC5/PrISM_1_PM.c **** * Global Variables:
  63:Generated_Source\PSoC5/PrISM_1_PM.c **** *  PrISM_1_backup - modified when non-retention registers are saved.
  64:Generated_Source\PSoC5/PrISM_1_PM.c **** *
  65:Generated_Source\PSoC5/PrISM_1_PM.c **** * Reentrant:
  66:Generated_Source\PSoC5/PrISM_1_PM.c **** *  No.
  67:Generated_Source\PSoC5/PrISM_1_PM.c **** *
  68:Generated_Source\PSoC5/PrISM_1_PM.c **** *******************************************************************************/
  69:Generated_Source\PSoC5/PrISM_1_PM.c **** void PrISM_1_SaveConfig(void) 
  70:Generated_Source\PSoC5/PrISM_1_PM.c **** {
  37              		.loc 1 70 0
  38              		.cfi_startproc
  39              		@ args = 0, pretend = 0, frame = 0
  40              		@ frame_needed = 1, uses_anonymous_args = 0
  41 0000 80B5     		push	{r7, lr}
  42              		.cfi_def_cfa_offset 8
  43              		.cfi_offset 7, -8
  44              		.cfi_offset 14, -4
ARM GAS  C:\Users\LOCALA~1\AppData\Local\Temp\ccfFUibe.s 			page 3


  45 0002 00AF     		add	r7, sp, #0
  46              		.cfi_def_cfa_register 7
  71:Generated_Source\PSoC5/PrISM_1_PM.c ****     #if (CY_UDB_V0)
  72:Generated_Source\PSoC5/PrISM_1_PM.c ****         #if(!PrISM_1_PULSE_TYPE_HARDCODED)
  73:Generated_Source\PSoC5/PrISM_1_PM.c ****             PrISM_1_backup.cr = PrISM_1_CONTROL_REG;
  74:Generated_Source\PSoC5/PrISM_1_PM.c ****         #endif /* End PrISM_1_PULSE_TYPE_HARDCODED */
  75:Generated_Source\PSoC5/PrISM_1_PM.c ****         PrISM_1_backup.seed = PrISM_1_ReadSeed();
  76:Generated_Source\PSoC5/PrISM_1_PM.c ****         PrISM_1_backup.seed_copy = CY_GET_REG8(PrISM_1_SEED_COPY_PTR);
  77:Generated_Source\PSoC5/PrISM_1_PM.c ****         PrISM_1_backup.polynom = PrISM_1_ReadPolynomial();
  78:Generated_Source\PSoC5/PrISM_1_PM.c ****         PrISM_1_backup.density0 = PrISM_1_ReadPulse0();
  79:Generated_Source\PSoC5/PrISM_1_PM.c ****         PrISM_1_backup.density1 = PrISM_1_ReadPulse1();
  80:Generated_Source\PSoC5/PrISM_1_PM.c ****     #else /* CY_UDB_V1 */
  81:Generated_Source\PSoC5/PrISM_1_PM.c ****         #if(!PrISM_1_PULSE_TYPE_HARDCODED)
  82:Generated_Source\PSoC5/PrISM_1_PM.c ****             PrISM_1_backup.cr = PrISM_1_CONTROL_REG;
  47              		.loc 1 82 0
  48 0004 0B4B     		ldr	r3, .L2
  49 0006 1B78     		ldrb	r3, [r3]
  50 0008 DAB2     		uxtb	r2, r3
  51 000a 0B4B     		ldr	r3, .L2+4
  52 000c 5A70     		strb	r2, [r3, #1]
  83:Generated_Source\PSoC5/PrISM_1_PM.c ****         #endif /* End PrISM_1_PULSE_TYPE_HARDCODED */
  84:Generated_Source\PSoC5/PrISM_1_PM.c ****         PrISM_1_backup.seed = PrISM_1_ReadSeed();
  53              		.loc 1 84 0
  54 000e FFF7FEFF 		bl	PrISM_1_ReadSeed
  55 0012 0346     		mov	r3, r0
  56 0014 1A46     		mov	r2, r3
  57 0016 084B     		ldr	r3, .L2+4
  58 0018 9A70     		strb	r2, [r3, #2]
  85:Generated_Source\PSoC5/PrISM_1_PM.c ****         PrISM_1_backup.seed_copy = CY_GET_REG8(PrISM_1_SEED_COPY_PTR);
  59              		.loc 1 85 0
  60 001a 084B     		ldr	r3, .L2+8
  61 001c 1B78     		ldrb	r3, [r3]
  62 001e DAB2     		uxtb	r2, r3
  63 0020 054B     		ldr	r3, .L2+4
  64 0022 DA70     		strb	r2, [r3, #3]
  86:Generated_Source\PSoC5/PrISM_1_PM.c ****         PrISM_1_backup.polynom = PrISM_1_ReadPolynomial();
  65              		.loc 1 86 0
  66 0024 FFF7FEFF 		bl	PrISM_1_ReadPolynomial
  67 0028 0346     		mov	r3, r0
  68 002a 1A46     		mov	r2, r3
  69 002c 024B     		ldr	r3, .L2+4
  70 002e 1A71     		strb	r2, [r3, #4]
  87:Generated_Source\PSoC5/PrISM_1_PM.c ****     #endif  /* CY_UDB_V0 */
  88:Generated_Source\PSoC5/PrISM_1_PM.c **** }
  71              		.loc 1 88 0
  72 0030 80BD     		pop	{r7, pc}
  73              	.L3:
  74 0032 00BF     		.align	2
  75              	.L2:
  76 0034 7B640040 		.word	1073767547
  77 0038 00000000 		.word	PrISM_1_backup
  78 003c 4B640040 		.word	1073767499
  79              		.cfi_endproc
  80              	.LFE0:
  81              		.size	PrISM_1_SaveConfig, .-PrISM_1_SaveConfig
  82              		.section	.text.PrISM_1_RestoreConfig,"ax",%progbits
  83              		.align	2
ARM GAS  C:\Users\LOCALA~1\AppData\Local\Temp\ccfFUibe.s 			page 4


  84              		.global	PrISM_1_RestoreConfig
  85              		.thumb
  86              		.thumb_func
  87              		.type	PrISM_1_RestoreConfig, %function
  88              	PrISM_1_RestoreConfig:
  89              	.LFB1:
  89:Generated_Source\PSoC5/PrISM_1_PM.c **** 
  90:Generated_Source\PSoC5/PrISM_1_PM.c **** 
  91:Generated_Source\PSoC5/PrISM_1_PM.c **** /*******************************************************************************
  92:Generated_Source\PSoC5/PrISM_1_PM.c **** * Function Name: PrISM_1_RestoreConfig
  93:Generated_Source\PSoC5/PrISM_1_PM.c **** ********************************************************************************
  94:Generated_Source\PSoC5/PrISM_1_PM.c **** *
  95:Generated_Source\PSoC5/PrISM_1_PM.c **** * Summary:
  96:Generated_Source\PSoC5/PrISM_1_PM.c **** *  Restores the current user configuration.
  97:Generated_Source\PSoC5/PrISM_1_PM.c **** *
  98:Generated_Source\PSoC5/PrISM_1_PM.c **** * Parameters:  
  99:Generated_Source\PSoC5/PrISM_1_PM.c **** *  None.
 100:Generated_Source\PSoC5/PrISM_1_PM.c **** *
 101:Generated_Source\PSoC5/PrISM_1_PM.c **** * Return: 
 102:Generated_Source\PSoC5/PrISM_1_PM.c **** *  None.
 103:Generated_Source\PSoC5/PrISM_1_PM.c **** *
 104:Generated_Source\PSoC5/PrISM_1_PM.c **** * Global Variables:
 105:Generated_Source\PSoC5/PrISM_1_PM.c **** *  PrISM_1_backup - used when non-retention registers are restored.
 106:Generated_Source\PSoC5/PrISM_1_PM.c **** *
 107:Generated_Source\PSoC5/PrISM_1_PM.c **** *******************************************************************************/
 108:Generated_Source\PSoC5/PrISM_1_PM.c **** void PrISM_1_RestoreConfig(void) 
 109:Generated_Source\PSoC5/PrISM_1_PM.c **** {
  90              		.loc 1 109 0
  91              		.cfi_startproc
  92              		@ args = 0, pretend = 0, frame = 0
  93              		@ frame_needed = 1, uses_anonymous_args = 0
  94 0000 80B5     		push	{r7, lr}
  95              		.cfi_def_cfa_offset 8
  96              		.cfi_offset 7, -8
  97              		.cfi_offset 14, -4
  98 0002 00AF     		add	r7, sp, #0
  99              		.cfi_def_cfa_register 7
 110:Generated_Source\PSoC5/PrISM_1_PM.c ****     #if (CY_UDB_V0)
 111:Generated_Source\PSoC5/PrISM_1_PM.c ****     
 112:Generated_Source\PSoC5/PrISM_1_PM.c ****         uint8 enableInterrupts;
 113:Generated_Source\PSoC5/PrISM_1_PM.c ****         
 114:Generated_Source\PSoC5/PrISM_1_PM.c ****         #if(!PrISM_1_PULSE_TYPE_HARDCODED)
 115:Generated_Source\PSoC5/PrISM_1_PM.c ****             PrISM_1_CONTROL_REG = PrISM_1_backup.cr;
 116:Generated_Source\PSoC5/PrISM_1_PM.c ****         #endif /* End PrISM_1_PULSE_TYPE_HARDCODED */
 117:Generated_Source\PSoC5/PrISM_1_PM.c **** 
 118:Generated_Source\PSoC5/PrISM_1_PM.c ****         CY_SET_REG8(PrISM_1_SEED_COPY_PTR, PrISM_1_backup.seed_copy);
 119:Generated_Source\PSoC5/PrISM_1_PM.c ****         CY_SET_REG8(PrISM_1_SEED_PTR, PrISM_1_backup.seed);
 120:Generated_Source\PSoC5/PrISM_1_PM.c ****         PrISM_1_WritePolynomial(PrISM_1_backup.polynom);
 121:Generated_Source\PSoC5/PrISM_1_PM.c ****         PrISM_1_WritePulse0(PrISM_1_backup.density0);
 122:Generated_Source\PSoC5/PrISM_1_PM.c ****         PrISM_1_WritePulse1(PrISM_1_backup.density1);
 123:Generated_Source\PSoC5/PrISM_1_PM.c ****         
 124:Generated_Source\PSoC5/PrISM_1_PM.c ****         enableInterrupts = CyEnterCriticalSection();
 125:Generated_Source\PSoC5/PrISM_1_PM.c ****         /* Set FIFO0_CLR bit to use FIFO0 as a simple one-byte buffer*/
 126:Generated_Source\PSoC5/PrISM_1_PM.c ****         CY_SET_REG8(PrISM_1_AUX_CONTROL_PTR, 
 127:Generated_Source\PSoC5/PrISM_1_PM.c ****                         CY_GET_REG8(PrISM_1_AUX_CONTROL_PTR) | PrISM_1_FIFO0_CLR);
 128:Generated_Source\PSoC5/PrISM_1_PM.c ****         CyExitCriticalSection(enableInterrupts);
 129:Generated_Source\PSoC5/PrISM_1_PM.c **** 
ARM GAS  C:\Users\LOCALA~1\AppData\Local\Temp\ccfFUibe.s 			page 5


 130:Generated_Source\PSoC5/PrISM_1_PM.c ****     #else   /* CY_UDB_V1 */
 131:Generated_Source\PSoC5/PrISM_1_PM.c **** 
 132:Generated_Source\PSoC5/PrISM_1_PM.c ****         #if(!PrISM_1_PULSE_TYPE_HARDCODED)
 133:Generated_Source\PSoC5/PrISM_1_PM.c ****             PrISM_1_CONTROL_REG = PrISM_1_backup.cr;
 100              		.loc 1 133 0
 101 0004 084B     		ldr	r3, .L5
 102 0006 094A     		ldr	r2, .L5+4
 103 0008 5278     		ldrb	r2, [r2, #1]	@ zero_extendqisi2
 104 000a 1A70     		strb	r2, [r3]
 134:Generated_Source\PSoC5/PrISM_1_PM.c ****         #endif /* End PrISM_1_PULSE_TYPE_HARDCODED */
 135:Generated_Source\PSoC5/PrISM_1_PM.c **** 
 136:Generated_Source\PSoC5/PrISM_1_PM.c ****         CY_SET_REG8(PrISM_1_SEED_COPY_PTR, PrISM_1_backup.seed_copy);
 105              		.loc 1 136 0
 106 000c 084B     		ldr	r3, .L5+8
 107 000e 074A     		ldr	r2, .L5+4
 108 0010 D278     		ldrb	r2, [r2, #3]	@ zero_extendqisi2
 109 0012 1A70     		strb	r2, [r3]
 137:Generated_Source\PSoC5/PrISM_1_PM.c ****         CY_SET_REG8(PrISM_1_SEED_PTR, PrISM_1_backup.seed);
 110              		.loc 1 137 0
 111 0014 074B     		ldr	r3, .L5+12
 112 0016 054A     		ldr	r2, .L5+4
 113 0018 9278     		ldrb	r2, [r2, #2]	@ zero_extendqisi2
 114 001a 1A70     		strb	r2, [r3]
 138:Generated_Source\PSoC5/PrISM_1_PM.c ****         PrISM_1_WritePolynomial(PrISM_1_backup.polynom);
 115              		.loc 1 138 0
 116 001c 034B     		ldr	r3, .L5+4
 117 001e 1B79     		ldrb	r3, [r3, #4]	@ zero_extendqisi2
 118 0020 1846     		mov	r0, r3
 119 0022 FFF7FEFF 		bl	PrISM_1_WritePolynomial
 139:Generated_Source\PSoC5/PrISM_1_PM.c ****     
 140:Generated_Source\PSoC5/PrISM_1_PM.c ****     #endif  /* End CY_UDB_V0 */
 141:Generated_Source\PSoC5/PrISM_1_PM.c **** }
 120              		.loc 1 141 0
 121 0026 80BD     		pop	{r7, pc}
 122              	.L6:
 123              		.align	2
 124              	.L5:
 125 0028 7B640040 		.word	1073767547
 126 002c 00000000 		.word	PrISM_1_backup
 127 0030 4B640040 		.word	1073767499
 128 0034 0B640040 		.word	1073767435
 129              		.cfi_endproc
 130              	.LFE1:
 131              		.size	PrISM_1_RestoreConfig, .-PrISM_1_RestoreConfig
 132              		.section	.text.PrISM_1_Sleep,"ax",%progbits
 133              		.align	2
 134              		.global	PrISM_1_Sleep
 135              		.thumb
 136              		.thumb_func
 137              		.type	PrISM_1_Sleep, %function
 138              	PrISM_1_Sleep:
 139              	.LFB2:
 142:Generated_Source\PSoC5/PrISM_1_PM.c **** 
 143:Generated_Source\PSoC5/PrISM_1_PM.c **** 
 144:Generated_Source\PSoC5/PrISM_1_PM.c **** /*******************************************************************************
 145:Generated_Source\PSoC5/PrISM_1_PM.c **** * Function Name: PrISM_1_Sleep
 146:Generated_Source\PSoC5/PrISM_1_PM.c **** ********************************************************************************
ARM GAS  C:\Users\LOCALA~1\AppData\Local\Temp\ccfFUibe.s 			page 6


 147:Generated_Source\PSoC5/PrISM_1_PM.c **** *
 148:Generated_Source\PSoC5/PrISM_1_PM.c **** * Summary:
 149:Generated_Source\PSoC5/PrISM_1_PM.c **** *  Stops and saves the user configuration
 150:Generated_Source\PSoC5/PrISM_1_PM.c **** *  
 151:Generated_Source\PSoC5/PrISM_1_PM.c **** * Parameters:  
 152:Generated_Source\PSoC5/PrISM_1_PM.c **** *  None.
 153:Generated_Source\PSoC5/PrISM_1_PM.c **** *
 154:Generated_Source\PSoC5/PrISM_1_PM.c **** * Return: 
 155:Generated_Source\PSoC5/PrISM_1_PM.c **** *  None.
 156:Generated_Source\PSoC5/PrISM_1_PM.c **** *
 157:Generated_Source\PSoC5/PrISM_1_PM.c **** * Global Variables:
 158:Generated_Source\PSoC5/PrISM_1_PM.c **** *  PrISM_1_backup - modified when non-retention registers are saved.
 159:Generated_Source\PSoC5/PrISM_1_PM.c **** *
 160:Generated_Source\PSoC5/PrISM_1_PM.c **** * Reentrant:
 161:Generated_Source\PSoC5/PrISM_1_PM.c **** *  No.
 162:Generated_Source\PSoC5/PrISM_1_PM.c **** *
 163:Generated_Source\PSoC5/PrISM_1_PM.c **** *******************************************************************************/
 164:Generated_Source\PSoC5/PrISM_1_PM.c **** void PrISM_1_Sleep(void) 
 165:Generated_Source\PSoC5/PrISM_1_PM.c **** {
 140              		.loc 1 165 0
 141              		.cfi_startproc
 142              		@ args = 0, pretend = 0, frame = 0
 143              		@ frame_needed = 1, uses_anonymous_args = 0
 144 0000 80B5     		push	{r7, lr}
 145              		.cfi_def_cfa_offset 8
 146              		.cfi_offset 7, -8
 147              		.cfi_offset 14, -4
 148 0002 00AF     		add	r7, sp, #0
 149              		.cfi_def_cfa_register 7
 166:Generated_Source\PSoC5/PrISM_1_PM.c ****     #if(!PrISM_1_PULSE_TYPE_HARDCODED)
 167:Generated_Source\PSoC5/PrISM_1_PM.c ****         if((PrISM_1_CONTROL_REG & PrISM_1_CTRL_ENABLE) != 0u) 
 150              		.loc 1 167 0
 151 0004 094B     		ldr	r3, .L10
 152 0006 1B78     		ldrb	r3, [r3]
 153 0008 DBB2     		uxtb	r3, r3
 154 000a 03F00103 		and	r3, r3, #1
 155 000e 002B     		cmp	r3, #0
 156 0010 03D0     		beq	.L8
 168:Generated_Source\PSoC5/PrISM_1_PM.c ****         {
 169:Generated_Source\PSoC5/PrISM_1_PM.c ****             PrISM_1_backup.enableState = 1u;
 157              		.loc 1 169 0
 158 0012 074B     		ldr	r3, .L10+4
 159 0014 0122     		movs	r2, #1
 160 0016 1A70     		strb	r2, [r3]
 161 0018 02E0     		b	.L9
 162              	.L8:
 170:Generated_Source\PSoC5/PrISM_1_PM.c ****         }
 171:Generated_Source\PSoC5/PrISM_1_PM.c ****         else
 172:Generated_Source\PSoC5/PrISM_1_PM.c ****         {
 173:Generated_Source\PSoC5/PrISM_1_PM.c ****             PrISM_1_backup.enableState = 0u;
 163              		.loc 1 173 0
 164 001a 054B     		ldr	r3, .L10+4
 165 001c 0022     		movs	r2, #0
 166 001e 1A70     		strb	r2, [r3]
 167              	.L9:
 174:Generated_Source\PSoC5/PrISM_1_PM.c ****         }
 175:Generated_Source\PSoC5/PrISM_1_PM.c ****     #endif /* End PrISM_1_PULSE_TYPE_HARDCODED */
ARM GAS  C:\Users\LOCALA~1\AppData\Local\Temp\ccfFUibe.s 			page 7


 176:Generated_Source\PSoC5/PrISM_1_PM.c ****     PrISM_1_Stop();
 168              		.loc 1 176 0
 169 0020 FFF7FEFF 		bl	PrISM_1_Stop
 177:Generated_Source\PSoC5/PrISM_1_PM.c ****     PrISM_1_SaveConfig();
 170              		.loc 1 177 0
 171 0024 FFF7FEFF 		bl	PrISM_1_SaveConfig
 178:Generated_Source\PSoC5/PrISM_1_PM.c **** }
 172              		.loc 1 178 0
 173 0028 80BD     		pop	{r7, pc}
 174              	.L11:
 175 002a 00BF     		.align	2
 176              	.L10:
 177 002c 7B640040 		.word	1073767547
 178 0030 00000000 		.word	PrISM_1_backup
 179              		.cfi_endproc
 180              	.LFE2:
 181              		.size	PrISM_1_Sleep, .-PrISM_1_Sleep
 182              		.section	.text.PrISM_1_Wakeup,"ax",%progbits
 183              		.align	2
 184              		.global	PrISM_1_Wakeup
 185              		.thumb
 186              		.thumb_func
 187              		.type	PrISM_1_Wakeup, %function
 188              	PrISM_1_Wakeup:
 189              	.LFB3:
 179:Generated_Source\PSoC5/PrISM_1_PM.c **** 
 180:Generated_Source\PSoC5/PrISM_1_PM.c **** 
 181:Generated_Source\PSoC5/PrISM_1_PM.c **** /*******************************************************************************
 182:Generated_Source\PSoC5/PrISM_1_PM.c **** * Function Name: PrISM_1_Wakeup
 183:Generated_Source\PSoC5/PrISM_1_PM.c **** ********************************************************************************
 184:Generated_Source\PSoC5/PrISM_1_PM.c **** *
 185:Generated_Source\PSoC5/PrISM_1_PM.c **** * Summary:
 186:Generated_Source\PSoC5/PrISM_1_PM.c **** *  Restores and enables the user configuration
 187:Generated_Source\PSoC5/PrISM_1_PM.c **** *  
 188:Generated_Source\PSoC5/PrISM_1_PM.c **** * Parameters:  
 189:Generated_Source\PSoC5/PrISM_1_PM.c **** *  None.
 190:Generated_Source\PSoC5/PrISM_1_PM.c **** *
 191:Generated_Source\PSoC5/PrISM_1_PM.c **** * Return: 
 192:Generated_Source\PSoC5/PrISM_1_PM.c **** *  None.
 193:Generated_Source\PSoC5/PrISM_1_PM.c **** *
 194:Generated_Source\PSoC5/PrISM_1_PM.c **** * Global Variables:
 195:Generated_Source\PSoC5/PrISM_1_PM.c **** *  PrISM_1_backup - used when non-retention registers are restored.
 196:Generated_Source\PSoC5/PrISM_1_PM.c **** *
 197:Generated_Source\PSoC5/PrISM_1_PM.c **** *******************************************************************************/
 198:Generated_Source\PSoC5/PrISM_1_PM.c **** void PrISM_1_Wakeup(void) 
 199:Generated_Source\PSoC5/PrISM_1_PM.c **** {
 190              		.loc 1 199 0
 191              		.cfi_startproc
 192              		@ args = 0, pretend = 0, frame = 0
 193              		@ frame_needed = 1, uses_anonymous_args = 0
 194 0000 80B5     		push	{r7, lr}
 195              		.cfi_def_cfa_offset 8
 196              		.cfi_offset 7, -8
 197              		.cfi_offset 14, -4
 198 0002 00AF     		add	r7, sp, #0
 199              		.cfi_def_cfa_register 7
 200:Generated_Source\PSoC5/PrISM_1_PM.c ****     PrISM_1_RestoreConfig();
ARM GAS  C:\Users\LOCALA~1\AppData\Local\Temp\ccfFUibe.s 			page 8


 200              		.loc 1 200 0
 201 0004 FFF7FEFF 		bl	PrISM_1_RestoreConfig
 201:Generated_Source\PSoC5/PrISM_1_PM.c ****     if(PrISM_1_backup.enableState != 0u)
 202              		.loc 1 201 0
 203 0008 034B     		ldr	r3, .L14
 204 000a 1B78     		ldrb	r3, [r3]	@ zero_extendqisi2
 205 000c 002B     		cmp	r3, #0
 206 000e 01D0     		beq	.L12
 202:Generated_Source\PSoC5/PrISM_1_PM.c ****     {
 203:Generated_Source\PSoC5/PrISM_1_PM.c ****         PrISM_1_Enable();
 207              		.loc 1 203 0
 208 0010 FFF7FEFF 		bl	PrISM_1_Enable
 209              	.L12:
 204:Generated_Source\PSoC5/PrISM_1_PM.c ****     } 
 205:Generated_Source\PSoC5/PrISM_1_PM.c **** }
 210              		.loc 1 205 0
 211 0014 80BD     		pop	{r7, pc}
 212              	.L15:
 213 0016 00BF     		.align	2
 214              	.L14:
 215 0018 00000000 		.word	PrISM_1_backup
 216              		.cfi_endproc
 217              	.LFE3:
 218              		.size	PrISM_1_Wakeup, .-PrISM_1_Wakeup
 219              		.text
 220              	.Letext0:
 221              		.file 2 "Generated_Source\\PSoC5\\cytypes.h"
 222              		.file 3 "Generated_Source\\PSoC5\\PrISM_1.h"
 223              		.section	.debug_info,"",%progbits
 224              	.Ldebug_info0:
 225 0000 45010000 		.4byte	0x145
 226 0004 0400     		.2byte	0x4
 227 0006 00000000 		.4byte	.Ldebug_abbrev0
 228 000a 04       		.byte	0x4
 229 000b 01       		.uleb128 0x1
 230 000c E1000000 		.4byte	.LASF24
 231 0010 01       		.byte	0x1
 232 0011 B4000000 		.4byte	.LASF25
 233 0015 89010000 		.4byte	.LASF26
 234 0019 00000000 		.4byte	.Ldebug_ranges0+0
 235 001d 00000000 		.4byte	0
 236 0021 00000000 		.4byte	.Ldebug_line0
 237 0025 02       		.uleb128 0x2
 238 0026 04       		.byte	0x4
 239 0027 05       		.byte	0x5
 240 0028 696E7400 		.ascii	"int\000"
 241 002c 03       		.uleb128 0x3
 242 002d 04       		.byte	0x4
 243 002e 07       		.byte	0x7
 244 002f 1A000000 		.4byte	.LASF0
 245 0033 03       		.uleb128 0x3
 246 0034 01       		.byte	0x1
 247 0035 06       		.byte	0x6
 248 0036 F0010000 		.4byte	.LASF1
 249 003a 03       		.uleb128 0x3
 250 003b 01       		.byte	0x1
 251 003c 08       		.byte	0x8
ARM GAS  C:\Users\LOCALA~1\AppData\Local\Temp\ccfFUibe.s 			page 9


 252 003d A1000000 		.4byte	.LASF2
 253 0041 03       		.uleb128 0x3
 254 0042 02       		.byte	0x2
 255 0043 05       		.byte	0x5
 256 0044 7A000000 		.4byte	.LASF3
 257 0048 03       		.uleb128 0x3
 258 0049 02       		.byte	0x2
 259 004a 07       		.byte	0x7
 260 004b DD010000 		.4byte	.LASF4
 261 004f 03       		.uleb128 0x3
 262 0050 04       		.byte	0x4
 263 0051 05       		.byte	0x5
 264 0052 D8000000 		.4byte	.LASF5
 265 0056 03       		.uleb128 0x3
 266 0057 04       		.byte	0x4
 267 0058 07       		.byte	0x7
 268 0059 68000000 		.4byte	.LASF6
 269 005d 03       		.uleb128 0x3
 270 005e 08       		.byte	0x8
 271 005f 05       		.byte	0x5
 272 0060 00000000 		.4byte	.LASF7
 273 0064 03       		.uleb128 0x3
 274 0065 08       		.byte	0x8
 275 0066 07       		.byte	0x7
 276 0067 84000000 		.4byte	.LASF8
 277 006b 03       		.uleb128 0x3
 278 006c 04       		.byte	0x4
 279 006d 07       		.byte	0x7
 280 006e 22020000 		.4byte	.LASF9
 281 0072 03       		.uleb128 0x3
 282 0073 01       		.byte	0x1
 283 0074 08       		.byte	0x8
 284 0075 AF000000 		.4byte	.LASF10
 285 0079 04       		.uleb128 0x4
 286 007a 62000000 		.4byte	.LASF13
 287 007e 02       		.byte	0x2
 288 007f 9201     		.2byte	0x192
 289 0081 3A000000 		.4byte	0x3a
 290 0085 03       		.uleb128 0x3
 291 0086 04       		.byte	0x4
 292 0087 04       		.byte	0x4
 293 0088 9B000000 		.4byte	.LASF11
 294 008c 03       		.uleb128 0x3
 295 008d 08       		.byte	0x8
 296 008e 04       		.byte	0x4
 297 008f 6F010000 		.4byte	.LASF12
 298 0093 04       		.uleb128 0x4
 299 0094 1D020000 		.4byte	.LASF14
 300 0098 02       		.byte	0x2
 301 0099 3C02     		.2byte	0x23c
 302 009b 9F000000 		.4byte	0x9f
 303 009f 05       		.uleb128 0x5
 304 00a0 79000000 		.4byte	0x79
 305 00a4 06       		.uleb128 0x6
 306 00a5 05       		.byte	0x5
 307 00a6 03       		.byte	0x3
 308 00a7 33       		.byte	0x33
ARM GAS  C:\Users\LOCALA~1\AppData\Local\Temp\ccfFUibe.s 			page 10


 309 00a8 E8000000 		.4byte	0xe8
 310 00ac 07       		.uleb128 0x7
 311 00ad 0E000000 		.4byte	.LASF15
 312 00b1 03       		.byte	0x3
 313 00b2 35       		.byte	0x35
 314 00b3 79000000 		.4byte	0x79
 315 00b7 00       		.byte	0
 316 00b8 08       		.uleb128 0x8
 317 00b9 637200   		.ascii	"cr\000"
 318 00bc 03       		.byte	0x3
 319 00bd 37       		.byte	0x37
 320 00be 79000000 		.4byte	0x79
 321 00c2 01       		.byte	0x1
 322 00c3 07       		.uleb128 0x7
 323 00c4 84010000 		.4byte	.LASF16
 324 00c8 03       		.byte	0x3
 325 00c9 39       		.byte	0x39
 326 00ca 79000000 		.4byte	0x79
 327 00ce 02       		.byte	0x2
 328 00cf 07       		.uleb128 0x7
 329 00d0 13020000 		.4byte	.LASF17
 330 00d4 03       		.byte	0x3
 331 00d5 3A       		.byte	0x3a
 332 00d6 79000000 		.4byte	0x79
 333 00da 03       		.byte	0x3
 334 00db 07       		.uleb128 0x7
 335 00dc 0B020000 		.4byte	.LASF18
 336 00e0 03       		.byte	0x3
 337 00e1 3B       		.byte	0x3b
 338 00e2 79000000 		.4byte	0x79
 339 00e6 04       		.byte	0x4
 340 00e7 00       		.byte	0
 341 00e8 09       		.uleb128 0x9
 342 00e9 27000000 		.4byte	.LASF19
 343 00ed 03       		.byte	0x3
 344 00ee 40       		.byte	0x40
 345 00ef A4000000 		.4byte	0xa4
 346 00f3 0A       		.uleb128 0xa
 347 00f4 CA010000 		.4byte	.LASF20
 348 00f8 01       		.byte	0x1
 349 00f9 45       		.byte	0x45
 350 00fa 00000000 		.4byte	.LFB0
 351 00fe 40000000 		.4byte	.LFE0-.LFB0
 352 0102 01       		.uleb128 0x1
 353 0103 9C       		.byte	0x9c
 354 0104 0A       		.uleb128 0xa
 355 0105 4C000000 		.4byte	.LASF21
 356 0109 01       		.byte	0x1
 357 010a 6C       		.byte	0x6c
 358 010b 00000000 		.4byte	.LFB1
 359 010f 38000000 		.4byte	.LFE1-.LFB1
 360 0113 01       		.uleb128 0x1
 361 0114 9C       		.byte	0x9c
 362 0115 0A       		.uleb128 0xa
 363 0116 76010000 		.4byte	.LASF22
 364 011a 01       		.byte	0x1
 365 011b A4       		.byte	0xa4
ARM GAS  C:\Users\LOCALA~1\AppData\Local\Temp\ccfFUibe.s 			page 11


 366 011c 00000000 		.4byte	.LFB2
 367 0120 34000000 		.4byte	.LFE2-.LFB2
 368 0124 01       		.uleb128 0x1
 369 0125 9C       		.byte	0x9c
 370 0126 0A       		.uleb128 0xa
 371 0127 3D000000 		.4byte	.LASF23
 372 012b 01       		.byte	0x1
 373 012c C6       		.byte	0xc6
 374 012d 00000000 		.4byte	.LFB3
 375 0131 1C000000 		.4byte	.LFE3-.LFB3
 376 0135 01       		.uleb128 0x1
 377 0136 9C       		.byte	0x9c
 378 0137 0B       		.uleb128 0xb
 379 0138 FC010000 		.4byte	.LASF27
 380 013c 01       		.byte	0x1
 381 013d 17       		.byte	0x17
 382 013e E8000000 		.4byte	0xe8
 383 0142 05       		.uleb128 0x5
 384 0143 03       		.byte	0x3
 385 0144 00000000 		.4byte	PrISM_1_backup
 386 0148 00       		.byte	0
 387              		.section	.debug_abbrev,"",%progbits
 388              	.Ldebug_abbrev0:
 389 0000 01       		.uleb128 0x1
 390 0001 11       		.uleb128 0x11
 391 0002 01       		.byte	0x1
 392 0003 25       		.uleb128 0x25
 393 0004 0E       		.uleb128 0xe
 394 0005 13       		.uleb128 0x13
 395 0006 0B       		.uleb128 0xb
 396 0007 03       		.uleb128 0x3
 397 0008 0E       		.uleb128 0xe
 398 0009 1B       		.uleb128 0x1b
 399 000a 0E       		.uleb128 0xe
 400 000b 55       		.uleb128 0x55
 401 000c 17       		.uleb128 0x17
 402 000d 11       		.uleb128 0x11
 403 000e 01       		.uleb128 0x1
 404 000f 10       		.uleb128 0x10
 405 0010 17       		.uleb128 0x17
 406 0011 00       		.byte	0
 407 0012 00       		.byte	0
 408 0013 02       		.uleb128 0x2
 409 0014 24       		.uleb128 0x24
 410 0015 00       		.byte	0
 411 0016 0B       		.uleb128 0xb
 412 0017 0B       		.uleb128 0xb
 413 0018 3E       		.uleb128 0x3e
 414 0019 0B       		.uleb128 0xb
 415 001a 03       		.uleb128 0x3
 416 001b 08       		.uleb128 0x8
 417 001c 00       		.byte	0
 418 001d 00       		.byte	0
 419 001e 03       		.uleb128 0x3
 420 001f 24       		.uleb128 0x24
 421 0020 00       		.byte	0
 422 0021 0B       		.uleb128 0xb
ARM GAS  C:\Users\LOCALA~1\AppData\Local\Temp\ccfFUibe.s 			page 12


 423 0022 0B       		.uleb128 0xb
 424 0023 3E       		.uleb128 0x3e
 425 0024 0B       		.uleb128 0xb
 426 0025 03       		.uleb128 0x3
 427 0026 0E       		.uleb128 0xe
 428 0027 00       		.byte	0
 429 0028 00       		.byte	0
 430 0029 04       		.uleb128 0x4
 431 002a 16       		.uleb128 0x16
 432 002b 00       		.byte	0
 433 002c 03       		.uleb128 0x3
 434 002d 0E       		.uleb128 0xe
 435 002e 3A       		.uleb128 0x3a
 436 002f 0B       		.uleb128 0xb
 437 0030 3B       		.uleb128 0x3b
 438 0031 05       		.uleb128 0x5
 439 0032 49       		.uleb128 0x49
 440 0033 13       		.uleb128 0x13
 441 0034 00       		.byte	0
 442 0035 00       		.byte	0
 443 0036 05       		.uleb128 0x5
 444 0037 35       		.uleb128 0x35
 445 0038 00       		.byte	0
 446 0039 49       		.uleb128 0x49
 447 003a 13       		.uleb128 0x13
 448 003b 00       		.byte	0
 449 003c 00       		.byte	0
 450 003d 06       		.uleb128 0x6
 451 003e 13       		.uleb128 0x13
 452 003f 01       		.byte	0x1
 453 0040 0B       		.uleb128 0xb
 454 0041 0B       		.uleb128 0xb
 455 0042 3A       		.uleb128 0x3a
 456 0043 0B       		.uleb128 0xb
 457 0044 3B       		.uleb128 0x3b
 458 0045 0B       		.uleb128 0xb
 459 0046 01       		.uleb128 0x1
 460 0047 13       		.uleb128 0x13
 461 0048 00       		.byte	0
 462 0049 00       		.byte	0
 463 004a 07       		.uleb128 0x7
 464 004b 0D       		.uleb128 0xd
 465 004c 00       		.byte	0
 466 004d 03       		.uleb128 0x3
 467 004e 0E       		.uleb128 0xe
 468 004f 3A       		.uleb128 0x3a
 469 0050 0B       		.uleb128 0xb
 470 0051 3B       		.uleb128 0x3b
 471 0052 0B       		.uleb128 0xb
 472 0053 49       		.uleb128 0x49
 473 0054 13       		.uleb128 0x13
 474 0055 38       		.uleb128 0x38
 475 0056 0B       		.uleb128 0xb
 476 0057 00       		.byte	0
 477 0058 00       		.byte	0
 478 0059 08       		.uleb128 0x8
 479 005a 0D       		.uleb128 0xd
ARM GAS  C:\Users\LOCALA~1\AppData\Local\Temp\ccfFUibe.s 			page 13


 480 005b 00       		.byte	0
 481 005c 03       		.uleb128 0x3
 482 005d 08       		.uleb128 0x8
 483 005e 3A       		.uleb128 0x3a
 484 005f 0B       		.uleb128 0xb
 485 0060 3B       		.uleb128 0x3b
 486 0061 0B       		.uleb128 0xb
 487 0062 49       		.uleb128 0x49
 488 0063 13       		.uleb128 0x13
 489 0064 38       		.uleb128 0x38
 490 0065 0B       		.uleb128 0xb
 491 0066 00       		.byte	0
 492 0067 00       		.byte	0
 493 0068 09       		.uleb128 0x9
 494 0069 16       		.uleb128 0x16
 495 006a 00       		.byte	0
 496 006b 03       		.uleb128 0x3
 497 006c 0E       		.uleb128 0xe
 498 006d 3A       		.uleb128 0x3a
 499 006e 0B       		.uleb128 0xb
 500 006f 3B       		.uleb128 0x3b
 501 0070 0B       		.uleb128 0xb
 502 0071 49       		.uleb128 0x49
 503 0072 13       		.uleb128 0x13
 504 0073 00       		.byte	0
 505 0074 00       		.byte	0
 506 0075 0A       		.uleb128 0xa
 507 0076 2E       		.uleb128 0x2e
 508 0077 00       		.byte	0
 509 0078 3F       		.uleb128 0x3f
 510 0079 19       		.uleb128 0x19
 511 007a 03       		.uleb128 0x3
 512 007b 0E       		.uleb128 0xe
 513 007c 3A       		.uleb128 0x3a
 514 007d 0B       		.uleb128 0xb
 515 007e 3B       		.uleb128 0x3b
 516 007f 0B       		.uleb128 0xb
 517 0080 27       		.uleb128 0x27
 518 0081 19       		.uleb128 0x19
 519 0082 11       		.uleb128 0x11
 520 0083 01       		.uleb128 0x1
 521 0084 12       		.uleb128 0x12
 522 0085 06       		.uleb128 0x6
 523 0086 40       		.uleb128 0x40
 524 0087 18       		.uleb128 0x18
 525 0088 9642     		.uleb128 0x2116
 526 008a 19       		.uleb128 0x19
 527 008b 00       		.byte	0
 528 008c 00       		.byte	0
 529 008d 0B       		.uleb128 0xb
 530 008e 34       		.uleb128 0x34
 531 008f 00       		.byte	0
 532 0090 03       		.uleb128 0x3
 533 0091 0E       		.uleb128 0xe
 534 0092 3A       		.uleb128 0x3a
 535 0093 0B       		.uleb128 0xb
 536 0094 3B       		.uleb128 0x3b
ARM GAS  C:\Users\LOCALA~1\AppData\Local\Temp\ccfFUibe.s 			page 14


 537 0095 0B       		.uleb128 0xb
 538 0096 49       		.uleb128 0x49
 539 0097 13       		.uleb128 0x13
 540 0098 02       		.uleb128 0x2
 541 0099 18       		.uleb128 0x18
 542 009a 00       		.byte	0
 543 009b 00       		.byte	0
 544 009c 00       		.byte	0
 545              		.section	.debug_aranges,"",%progbits
 546 0000 34000000 		.4byte	0x34
 547 0004 0200     		.2byte	0x2
 548 0006 00000000 		.4byte	.Ldebug_info0
 549 000a 04       		.byte	0x4
 550 000b 00       		.byte	0
 551 000c 0000     		.2byte	0
 552 000e 0000     		.2byte	0
 553 0010 00000000 		.4byte	.LFB0
 554 0014 40000000 		.4byte	.LFE0-.LFB0
 555 0018 00000000 		.4byte	.LFB1
 556 001c 38000000 		.4byte	.LFE1-.LFB1
 557 0020 00000000 		.4byte	.LFB2
 558 0024 34000000 		.4byte	.LFE2-.LFB2
 559 0028 00000000 		.4byte	.LFB3
 560 002c 1C000000 		.4byte	.LFE3-.LFB3
 561 0030 00000000 		.4byte	0
 562 0034 00000000 		.4byte	0
 563              		.section	.debug_ranges,"",%progbits
 564              	.Ldebug_ranges0:
 565 0000 00000000 		.4byte	.LFB0
 566 0004 40000000 		.4byte	.LFE0
 567 0008 00000000 		.4byte	.LFB1
 568 000c 38000000 		.4byte	.LFE1
 569 0010 00000000 		.4byte	.LFB2
 570 0014 34000000 		.4byte	.LFE2
 571 0018 00000000 		.4byte	.LFB3
 572 001c 1C000000 		.4byte	.LFE3
 573 0020 00000000 		.4byte	0
 574 0024 00000000 		.4byte	0
 575              		.section	.debug_line,"",%progbits
 576              	.Ldebug_line0:
 577 0000 B2000000 		.section	.debug_str,"MS",%progbits,1
 577      02005400 
 577      00000201 
 577      FB0E0D00 
 577      01010101 
 578              	.LASF7:
 579 0000 6C6F6E67 		.ascii	"long long int\000"
 579      206C6F6E 
 579      6720696E 
 579      7400
 580              	.LASF15:
 581 000e 656E6162 		.ascii	"enableState\000"
 581      6C655374 
 581      61746500 
 582              	.LASF0:
 583 001a 756E7369 		.ascii	"unsigned int\000"
 583      676E6564 
ARM GAS  C:\Users\LOCALA~1\AppData\Local\Temp\ccfFUibe.s 			page 15


 583      20696E74 
 583      00
 584              	.LASF19:
 585 0027 50724953 		.ascii	"PrISM_1_BACKUP_STRUCT\000"
 585      4D5F315F 
 585      4241434B 
 585      55505F53 
 585      54525543 
 586              	.LASF23:
 587 003d 50724953 		.ascii	"PrISM_1_Wakeup\000"
 587      4D5F315F 
 587      57616B65 
 587      757000
 588              	.LASF21:
 589 004c 50724953 		.ascii	"PrISM_1_RestoreConfig\000"
 589      4D5F315F 
 589      52657374 
 589      6F726543 
 589      6F6E6669 
 590              	.LASF13:
 591 0062 75696E74 		.ascii	"uint8\000"
 591      3800
 592              	.LASF6:
 593 0068 6C6F6E67 		.ascii	"long unsigned int\000"
 593      20756E73 
 593      69676E65 
 593      6420696E 
 593      7400
 594              	.LASF3:
 595 007a 73686F72 		.ascii	"short int\000"
 595      7420696E 
 595      7400
 596              	.LASF8:
 597 0084 6C6F6E67 		.ascii	"long long unsigned int\000"
 597      206C6F6E 
 597      6720756E 
 597      7369676E 
 597      65642069 
 598              	.LASF11:
 599 009b 666C6F61 		.ascii	"float\000"
 599      7400
 600              	.LASF2:
 601 00a1 756E7369 		.ascii	"unsigned char\000"
 601      676E6564 
 601      20636861 
 601      7200
 602              	.LASF10:
 603 00af 63686172 		.ascii	"char\000"
 603      00
 604              	.LASF25:
 605 00b4 47656E65 		.ascii	"Generated_Source\\PSoC5\\PrISM_1_PM.c\000"
 605      72617465 
 605      645F536F 
 605      75726365 
 605      5C50536F 
 606              	.LASF5:
 607 00d8 6C6F6E67 		.ascii	"long int\000"
ARM GAS  C:\Users\LOCALA~1\AppData\Local\Temp\ccfFUibe.s 			page 16


 607      20696E74 
 607      00
 608              	.LASF24:
 609 00e1 474E5520 		.ascii	"GNU C 4.9.3 20150303 (release) [ARM/embedded-4_9-br"
 609      4320342E 
 609      392E3320 
 609      32303135 
 609      30333033 
 610 0114 616E6368 		.ascii	"anch revision 221220] -mcpu=cortex-m3 -mthumb -g -O"
 610      20726576 
 610      6973696F 
 610      6E203232 
 610      31323230 
 611 0147 30202D66 		.ascii	"0 -ffunction-sections -ffat-lto-objects\000"
 611      66756E63 
 611      74696F6E 
 611      2D736563 
 611      74696F6E 
 612              	.LASF12:
 613 016f 646F7562 		.ascii	"double\000"
 613      6C6500
 614              	.LASF22:
 615 0176 50724953 		.ascii	"PrISM_1_Sleep\000"
 615      4D5F315F 
 615      536C6565 
 615      7000
 616              	.LASF16:
 617 0184 73656564 		.ascii	"seed\000"
 617      00
 618              	.LASF26:
 619 0189 433A5C55 		.ascii	"C:\\Users\\localadmin\\Documents\\GitHub\\LEDflicke"
 619      73657273 
 619      5C6C6F63 
 619      616C6164 
 619      6D696E5C 
 620 01b7 725C4C45 		.ascii	"r\\LEDflicker.cydsn\000"
 620      44666C69 
 620      636B6572 
 620      2E637964 
 620      736E00
 621              	.LASF20:
 622 01ca 50724953 		.ascii	"PrISM_1_SaveConfig\000"
 622      4D5F315F 
 622      53617665 
 622      436F6E66 
 622      696700
 623              	.LASF4:
 624 01dd 73686F72 		.ascii	"short unsigned int\000"
 624      7420756E 
 624      7369676E 
 624      65642069 
 624      6E7400
 625              	.LASF1:
 626 01f0 7369676E 		.ascii	"signed char\000"
 626      65642063 
 626      68617200 
 627              	.LASF27:
ARM GAS  C:\Users\LOCALA~1\AppData\Local\Temp\ccfFUibe.s 			page 17


 628 01fc 50724953 		.ascii	"PrISM_1_backup\000"
 628      4D5F315F 
 628      6261636B 
 628      757000
 629              	.LASF18:
 630 020b 706F6C79 		.ascii	"polynom\000"
 630      6E6F6D00 
 631              	.LASF17:
 632 0213 73656564 		.ascii	"seed_copy\000"
 632      5F636F70 
 632      7900
 633              	.LASF14:
 634 021d 72656738 		.ascii	"reg8\000"
 634      00
 635              	.LASF9:
 636 0222 73697A65 		.ascii	"sizetype\000"
 636      74797065 
 636      00
 637              		.ident	"GCC: (GNU Tools for ARM Embedded Processors) 4.9.3 20150303 (release) [ARM/embedded-4_9-br
