ARM GAS  C:\Users\LOCALA~1\AppData\Local\Temp\ccZizSQ2.s 			page 1


   1              		.syntax unified
   2              		.cpu cortex-m3
   3              		.fpu softvfp
   4              		.eabi_attribute 20, 1
   5              		.eabi_attribute 21, 1
   6              		.eabi_attribute 23, 3
   7              		.eabi_attribute 24, 1
   8              		.eabi_attribute 25, 1
   9              		.eabi_attribute 26, 1
  10              		.eabi_attribute 30, 6
  11              		.eabi_attribute 34, 1
  12              		.eabi_attribute 18, 4
  13              		.thumb
  14              		.file	"PrISM_1.c"
  15              		.text
  16              	.Ltext0:
  17              		.cfi_sections	.debug_frame
  18              		.global	PrISM_1_initVar
  19              		.bss
  20              		.type	PrISM_1_initVar, %object
  21              		.size	PrISM_1_initVar, 1
  22              	PrISM_1_initVar:
  23 0000 00       		.space	1
  24              		.section	.text.PrISM_1_Start,"ax",%progbits
  25              		.align	2
  26              		.global	PrISM_1_Start
  27              		.thumb
  28              		.thumb_func
  29              		.type	PrISM_1_Start, %function
  30              	PrISM_1_Start:
  31              	.LFB0:
  32              		.file 1 "Generated_Source\\PSoC5\\PrISM_1.c"
   1:Generated_Source\PSoC5/PrISM_1.c **** /*******************************************************************************
   2:Generated_Source\PSoC5/PrISM_1.c **** * File Name: PrISM_1.c
   3:Generated_Source\PSoC5/PrISM_1.c **** * Version 2.20
   4:Generated_Source\PSoC5/PrISM_1.c **** *
   5:Generated_Source\PSoC5/PrISM_1.c **** * Description:
   6:Generated_Source\PSoC5/PrISM_1.c **** *  This file provides the source code of the API for the PrISM Component.
   7:Generated_Source\PSoC5/PrISM_1.c **** *
   8:Generated_Source\PSoC5/PrISM_1.c **** * Note:
   9:Generated_Source\PSoC5/PrISM_1.c **** *  The PRiSM Component consists of a 8, 16, 24, 32 - bit PrISM, it
  10:Generated_Source\PSoC5/PrISM_1.c **** *  depends on length Polynomial value and user selected Seed Value. 
  11:Generated_Source\PSoC5/PrISM_1.c **** *
  12:Generated_Source\PSoC5/PrISM_1.c **** ********************************************************************************
  13:Generated_Source\PSoC5/PrISM_1.c **** * Copyright 2008-2012, Cypress Semiconductor Corporation.  All rights reserved.
  14:Generated_Source\PSoC5/PrISM_1.c **** * You may use this file only in accordance with the license, terms, conditions, 
  15:Generated_Source\PSoC5/PrISM_1.c **** * disclaimers, and limitations in the end user license agreement accompanying 
  16:Generated_Source\PSoC5/PrISM_1.c **** * the software package with which this file was provided.
  17:Generated_Source\PSoC5/PrISM_1.c **** *******************************************************************************/
  18:Generated_Source\PSoC5/PrISM_1.c **** 
  19:Generated_Source\PSoC5/PrISM_1.c **** #include "PrISM_1.h"
  20:Generated_Source\PSoC5/PrISM_1.c **** 
  21:Generated_Source\PSoC5/PrISM_1.c **** 
  22:Generated_Source\PSoC5/PrISM_1.c **** /***************************************
  23:Generated_Source\PSoC5/PrISM_1.c **** * Local data allocation
  24:Generated_Source\PSoC5/PrISM_1.c **** ***************************************/
  25:Generated_Source\PSoC5/PrISM_1.c **** 
ARM GAS  C:\Users\LOCALA~1\AppData\Local\Temp\ccZizSQ2.s 			page 2


  26:Generated_Source\PSoC5/PrISM_1.c **** uint8 PrISM_1_initVar = 0u;
  27:Generated_Source\PSoC5/PrISM_1.c **** 
  28:Generated_Source\PSoC5/PrISM_1.c **** 
  29:Generated_Source\PSoC5/PrISM_1.c **** /*******************************************************************************
  30:Generated_Source\PSoC5/PrISM_1.c **** * FUNCTION NAME:   PrISM_1_Start
  31:Generated_Source\PSoC5/PrISM_1.c **** ********************************************************************************
  32:Generated_Source\PSoC5/PrISM_1.c **** *
  33:Generated_Source\PSoC5/PrISM_1.c **** * Summary:
  34:Generated_Source\PSoC5/PrISM_1.c **** *  The start function sets Polynomial, Seed and Pulse Density registers provided
  35:Generated_Source\PSoC5/PrISM_1.c **** *  by customizer. PrISM computation starts on rising edge of input clock.
  36:Generated_Source\PSoC5/PrISM_1.c **** *
  37:Generated_Source\PSoC5/PrISM_1.c **** * Parameters:  
  38:Generated_Source\PSoC5/PrISM_1.c **** *  None.
  39:Generated_Source\PSoC5/PrISM_1.c **** *
  40:Generated_Source\PSoC5/PrISM_1.c **** * Return:  
  41:Generated_Source\PSoC5/PrISM_1.c **** *  None.
  42:Generated_Source\PSoC5/PrISM_1.c **** *
  43:Generated_Source\PSoC5/PrISM_1.c **** * Global variables:
  44:Generated_Source\PSoC5/PrISM_1.c **** *  The PrISM_1_initVar variable is used to indicate initial
  45:Generated_Source\PSoC5/PrISM_1.c **** *  configuration of this component.  The variable is initialized to zero and
  46:Generated_Source\PSoC5/PrISM_1.c **** *  set to 1 the first time PrISM_1_Start() is called. This allows for
  47:Generated_Source\PSoC5/PrISM_1.c **** *  component initialization without re-initialization in all subsequent calls
  48:Generated_Source\PSoC5/PrISM_1.c **** *  to the PrISM_1_Start() routine. 
  49:Generated_Source\PSoC5/PrISM_1.c **** 
  50:Generated_Source\PSoC5/PrISM_1.c **** * Reentrant:
  51:Generated_Source\PSoC5/PrISM_1.c **** *  No.
  52:Generated_Source\PSoC5/PrISM_1.c **** *
  53:Generated_Source\PSoC5/PrISM_1.c **** *******************************************************************************/
  54:Generated_Source\PSoC5/PrISM_1.c **** void PrISM_1_Start(void) 
  55:Generated_Source\PSoC5/PrISM_1.c **** {
  33              		.loc 1 55 0
  34              		.cfi_startproc
  35              		@ args = 0, pretend = 0, frame = 0
  36              		@ frame_needed = 1, uses_anonymous_args = 0
  37 0000 80B5     		push	{r7, lr}
  38              		.cfi_def_cfa_offset 8
  39              		.cfi_offset 7, -8
  40              		.cfi_offset 14, -4
  41 0002 00AF     		add	r7, sp, #0
  42              		.cfi_def_cfa_register 7
  56:Generated_Source\PSoC5/PrISM_1.c ****     /* If not Initialized then initialize all required hardware and software */
  57:Generated_Source\PSoC5/PrISM_1.c ****     if(PrISM_1_initVar == 0u)
  43              		.loc 1 57 0
  44 0004 054B     		ldr	r3, .L3
  45 0006 1B78     		ldrb	r3, [r3]	@ zero_extendqisi2
  46 0008 002B     		cmp	r3, #0
  47 000a 04D1     		bne	.L2
  58:Generated_Source\PSoC5/PrISM_1.c ****     {
  59:Generated_Source\PSoC5/PrISM_1.c ****         PrISM_1_Init();
  48              		.loc 1 59 0
  49 000c FFF7FEFF 		bl	PrISM_1_Init
  60:Generated_Source\PSoC5/PrISM_1.c ****         PrISM_1_initVar = 1u;
  50              		.loc 1 60 0
  51 0010 024B     		ldr	r3, .L3
  52 0012 0122     		movs	r2, #1
  53 0014 1A70     		strb	r2, [r3]
  54              	.L2:
ARM GAS  C:\Users\LOCALA~1\AppData\Local\Temp\ccZizSQ2.s 			page 3


  61:Generated_Source\PSoC5/PrISM_1.c ****     }
  62:Generated_Source\PSoC5/PrISM_1.c ****     PrISM_1_Enable();
  55              		.loc 1 62 0
  56 0016 FFF7FEFF 		bl	PrISM_1_Enable
  63:Generated_Source\PSoC5/PrISM_1.c **** }
  57              		.loc 1 63 0
  58 001a 80BD     		pop	{r7, pc}
  59              	.L4:
  60              		.align	2
  61              	.L3:
  62 001c 00000000 		.word	PrISM_1_initVar
  63              		.cfi_endproc
  64              	.LFE0:
  65              		.size	PrISM_1_Start, .-PrISM_1_Start
  66              		.section	.text.PrISM_1_Init,"ax",%progbits
  67              		.align	2
  68              		.global	PrISM_1_Init
  69              		.thumb
  70              		.thumb_func
  71              		.type	PrISM_1_Init, %function
  72              	PrISM_1_Init:
  73              	.LFB1:
  64:Generated_Source\PSoC5/PrISM_1.c **** 
  65:Generated_Source\PSoC5/PrISM_1.c **** 
  66:Generated_Source\PSoC5/PrISM_1.c **** /*******************************************************************************
  67:Generated_Source\PSoC5/PrISM_1.c **** * Function Name: PrISM_1_Init
  68:Generated_Source\PSoC5/PrISM_1.c **** ********************************************************************************
  69:Generated_Source\PSoC5/PrISM_1.c **** *
  70:Generated_Source\PSoC5/PrISM_1.c **** * Summary:
  71:Generated_Source\PSoC5/PrISM_1.c **** *  Initialize component's parameters to the parameters set by user in the 
  72:Generated_Source\PSoC5/PrISM_1.c **** *  customizer of the component placed onto schematic. Usually called in 
  73:Generated_Source\PSoC5/PrISM_1.c **** *  PrISM_1_Start().
  74:Generated_Source\PSoC5/PrISM_1.c **** *
  75:Generated_Source\PSoC5/PrISM_1.c **** * Parameters:  
  76:Generated_Source\PSoC5/PrISM_1.c **** *  None.
  77:Generated_Source\PSoC5/PrISM_1.c **** *
  78:Generated_Source\PSoC5/PrISM_1.c **** * Return: 
  79:Generated_Source\PSoC5/PrISM_1.c **** *  None.
  80:Generated_Source\PSoC5/PrISM_1.c **** *
  81:Generated_Source\PSoC5/PrISM_1.c **** *******************************************************************************/
  82:Generated_Source\PSoC5/PrISM_1.c **** void PrISM_1_Init(void) 
  83:Generated_Source\PSoC5/PrISM_1.c **** {
  74              		.loc 1 83 0
  75              		.cfi_startproc
  76              		@ args = 0, pretend = 0, frame = 8
  77              		@ frame_needed = 1, uses_anonymous_args = 0
  78 0000 80B5     		push	{r7, lr}
  79              		.cfi_def_cfa_offset 8
  80              		.cfi_offset 7, -8
  81              		.cfi_offset 14, -4
  82 0002 82B0     		sub	sp, sp, #8
  83              		.cfi_def_cfa_offset 16
  84 0004 00AF     		add	r7, sp, #0
  85              		.cfi_def_cfa_register 7
  84:Generated_Source\PSoC5/PrISM_1.c ****     uint8 enableInterrupts;
  85:Generated_Source\PSoC5/PrISM_1.c ****     
  86:Generated_Source\PSoC5/PrISM_1.c ****     /* Writes Seed value, polynom value and density provided by customizer */
ARM GAS  C:\Users\LOCALA~1\AppData\Local\Temp\ccZizSQ2.s 			page 4


  87:Generated_Source\PSoC5/PrISM_1.c ****     PrISM_1_WriteSeed(PrISM_1_SEED);
  86              		.loc 1 87 0
  87 0006 FF20     		movs	r0, #255
  88 0008 FFF7FEFF 		bl	PrISM_1_WriteSeed
  88:Generated_Source\PSoC5/PrISM_1.c ****     PrISM_1_WritePolynomial(PrISM_1_POLYNOM);
  89              		.loc 1 88 0
  90 000c B820     		movs	r0, #184
  91 000e FFF7FEFF 		bl	PrISM_1_WritePolynomial
  89:Generated_Source\PSoC5/PrISM_1.c ****     PrISM_1_WritePulse0(PrISM_1_DENSITY0);
  92              		.loc 1 89 0
  93 0012 0820     		movs	r0, #8
  94 0014 FFF7FEFF 		bl	PrISM_1_WritePulse0
  90:Generated_Source\PSoC5/PrISM_1.c ****     PrISM_1_WritePulse1(PrISM_1_DENSITY1);
  95              		.loc 1 90 0
  96 0018 0820     		movs	r0, #8
  97 001a FFF7FEFF 		bl	PrISM_1_WritePulse1
  91:Generated_Source\PSoC5/PrISM_1.c ****     
  92:Generated_Source\PSoC5/PrISM_1.c ****     enableInterrupts = CyEnterCriticalSection();
  98              		.loc 1 92 0
  99 001e FFF7FEFF 		bl	CyEnterCriticalSection
 100 0022 0346     		mov	r3, r0
 101 0024 FB71     		strb	r3, [r7, #7]
  93:Generated_Source\PSoC5/PrISM_1.c ****     /* Set FIFO0_CLR bit to use FIFO0 as a simple one-byte buffer*/
  94:Generated_Source\PSoC5/PrISM_1.c ****     CY_SET_REG8(PrISM_1_AUX_CONTROL_PTR, 
 102              		.loc 1 94 0
 103 0026 0F4A     		ldr	r2, .L6
 104 0028 0E4B     		ldr	r3, .L6
 105 002a 1B78     		ldrb	r3, [r3]
 106 002c DBB2     		uxtb	r3, r3
 107 002e 43F00103 		orr	r3, r3, #1
 108 0032 DBB2     		uxtb	r3, r3
 109 0034 1370     		strb	r3, [r2]
  95:Generated_Source\PSoC5/PrISM_1.c ****                         CY_GET_REG8(PrISM_1_AUX_CONTROL_PTR) | PrISM_1_FIFO0_CLR);
  96:Generated_Source\PSoC5/PrISM_1.c ****     CyExitCriticalSection(enableInterrupts);
 110              		.loc 1 96 0
 111 0036 FB79     		ldrb	r3, [r7, #7]	@ zero_extendqisi2
 112 0038 1846     		mov	r0, r3
 113 003a FFF7FEFF 		bl	CyExitCriticalSection
  97:Generated_Source\PSoC5/PrISM_1.c ****     
  98:Generated_Source\PSoC5/PrISM_1.c ****     #if(!PrISM_1_PULSE_TYPE_HARDCODED)
  99:Generated_Source\PSoC5/PrISM_1.c ****         /* Writes density type provided by customizer */
 100:Generated_Source\PSoC5/PrISM_1.c ****         #if(PrISM_1_GREATERTHAN_OR_EQUAL == PrISM_1_COMPARE0)
 101:Generated_Source\PSoC5/PrISM_1.c ****             PrISM_1_CONTROL_REG |= PrISM_1_CTRL_COMPARE_TYPE0_GREATER_THAN_OR_EQUAL;
 102:Generated_Source\PSoC5/PrISM_1.c ****         #else
 103:Generated_Source\PSoC5/PrISM_1.c ****             PrISM_1_CONTROL_REG &= (uint8)~PrISM_1_CTRL_COMPARE_TYPE0_GREATER_THAN_OR_EQUAL;
 114              		.loc 1 103 0
 115 003e 0A4A     		ldr	r2, .L6+4
 116 0040 094B     		ldr	r3, .L6+4
 117 0042 1B78     		ldrb	r3, [r3]
 118 0044 DBB2     		uxtb	r3, r3
 119 0046 23F00203 		bic	r3, r3, #2
 120 004a DBB2     		uxtb	r3, r3
 121 004c 1370     		strb	r3, [r2]
 104:Generated_Source\PSoC5/PrISM_1.c ****         #endif /* End PrISM_1_COMPARE0 */    
 105:Generated_Source\PSoC5/PrISM_1.c ****     
 106:Generated_Source\PSoC5/PrISM_1.c ****         #if(PrISM_1_GREATERTHAN_OR_EQUAL == PrISM_1_COMPARE1)
 107:Generated_Source\PSoC5/PrISM_1.c ****             PrISM_1_CONTROL_REG |= PrISM_1_CTRL_COMPARE_TYPE1_GREATER_THAN_OR_EQUAL;
ARM GAS  C:\Users\LOCALA~1\AppData\Local\Temp\ccZizSQ2.s 			page 5


 122              		.loc 1 107 0
 123 004e 064A     		ldr	r2, .L6+4
 124 0050 054B     		ldr	r3, .L6+4
 125 0052 1B78     		ldrb	r3, [r3]
 126 0054 DBB2     		uxtb	r3, r3
 127 0056 43F00403 		orr	r3, r3, #4
 128 005a DBB2     		uxtb	r3, r3
 129 005c 1370     		strb	r3, [r2]
 108:Generated_Source\PSoC5/PrISM_1.c ****         #else
 109:Generated_Source\PSoC5/PrISM_1.c ****             PrISM_1_CONTROL_REG &= (uint8)~PrISM_1_CTRL_COMPARE_TYPE1_GREATER_THAN_OR_EQUAL;
 110:Generated_Source\PSoC5/PrISM_1.c ****         #endif /* End PrISM_1_COMPARE1 */    
 111:Generated_Source\PSoC5/PrISM_1.c ****     #endif /* End PrISM_1_PULSE_TYPE_HARDCODED */
 112:Generated_Source\PSoC5/PrISM_1.c **** }
 130              		.loc 1 112 0
 131 005e 0837     		adds	r7, r7, #8
 132              		.cfi_def_cfa_offset 8
 133 0060 BD46     		mov	sp, r7
 134              		.cfi_def_cfa_register 13
 135              		@ sp needed
 136 0062 80BD     		pop	{r7, pc}
 137              	.L7:
 138              		.align	2
 139              	.L6:
 140 0064 9B640040 		.word	1073767579
 141 0068 7B640040 		.word	1073767547
 142              		.cfi_endproc
 143              	.LFE1:
 144              		.size	PrISM_1_Init, .-PrISM_1_Init
 145              		.section	.text.PrISM_1_Enable,"ax",%progbits
 146              		.align	2
 147              		.global	PrISM_1_Enable
 148              		.thumb
 149              		.thumb_func
 150              		.type	PrISM_1_Enable, %function
 151              	PrISM_1_Enable:
 152              	.LFB2:
 113:Generated_Source\PSoC5/PrISM_1.c **** 
 114:Generated_Source\PSoC5/PrISM_1.c **** 
 115:Generated_Source\PSoC5/PrISM_1.c **** /*******************************************************************************
 116:Generated_Source\PSoC5/PrISM_1.c **** * Function Name: PrISM_1_Enable
 117:Generated_Source\PSoC5/PrISM_1.c **** ********************************************************************************
 118:Generated_Source\PSoC5/PrISM_1.c **** *  
 119:Generated_Source\PSoC5/PrISM_1.c **** * Summary: 
 120:Generated_Source\PSoC5/PrISM_1.c **** *  Enables the PrISM block operation
 121:Generated_Source\PSoC5/PrISM_1.c **** *
 122:Generated_Source\PSoC5/PrISM_1.c **** * Parameters:  
 123:Generated_Source\PSoC5/PrISM_1.c **** *  None.
 124:Generated_Source\PSoC5/PrISM_1.c **** *
 125:Generated_Source\PSoC5/PrISM_1.c **** * Return: 
 126:Generated_Source\PSoC5/PrISM_1.c **** *  None.
 127:Generated_Source\PSoC5/PrISM_1.c **** *
 128:Generated_Source\PSoC5/PrISM_1.c **** *******************************************************************************/
 129:Generated_Source\PSoC5/PrISM_1.c **** void PrISM_1_Enable(void) 
 130:Generated_Source\PSoC5/PrISM_1.c **** {
 153              		.loc 1 130 0
 154              		.cfi_startproc
 155              		@ args = 0, pretend = 0, frame = 0
ARM GAS  C:\Users\LOCALA~1\AppData\Local\Temp\ccZizSQ2.s 			page 6


 156              		@ frame_needed = 1, uses_anonymous_args = 0
 157              		@ link register save eliminated.
 158 0000 80B4     		push	{r7}
 159              		.cfi_def_cfa_offset 4
 160              		.cfi_offset 7, -4
 161 0002 00AF     		add	r7, sp, #0
 162              		.cfi_def_cfa_register 7
 131:Generated_Source\PSoC5/PrISM_1.c ****     #if(!PrISM_1_PULSE_TYPE_HARDCODED)
 132:Generated_Source\PSoC5/PrISM_1.c ****         /* Enable the PrISM computation */
 133:Generated_Source\PSoC5/PrISM_1.c ****         PrISM_1_CONTROL_REG |= PrISM_1_CTRL_ENABLE;
 163              		.loc 1 133 0
 164 0004 054A     		ldr	r2, .L9
 165 0006 054B     		ldr	r3, .L9
 166 0008 1B78     		ldrb	r3, [r3]
 167 000a DBB2     		uxtb	r3, r3
 168 000c 43F00103 		orr	r3, r3, #1
 169 0010 DBB2     		uxtb	r3, r3
 170 0012 1370     		strb	r3, [r2]
 134:Generated_Source\PSoC5/PrISM_1.c ****     #endif /* End PrISM_1_PULSE_TYPE_HARDCODED */
 135:Generated_Source\PSoC5/PrISM_1.c **** }
 171              		.loc 1 135 0
 172 0014 BD46     		mov	sp, r7
 173              		.cfi_def_cfa_register 13
 174              		@ sp needed
 175 0016 5DF8047B 		ldr	r7, [sp], #4
 176              		.cfi_restore 7
 177              		.cfi_def_cfa_offset 0
 178 001a 7047     		bx	lr
 179              	.L10:
 180              		.align	2
 181              	.L9:
 182 001c 7B640040 		.word	1073767547
 183              		.cfi_endproc
 184              	.LFE2:
 185              		.size	PrISM_1_Enable, .-PrISM_1_Enable
 186              		.section	.text.PrISM_1_Stop,"ax",%progbits
 187              		.align	2
 188              		.global	PrISM_1_Stop
 189              		.thumb
 190              		.thumb_func
 191              		.type	PrISM_1_Stop, %function
 192              	PrISM_1_Stop:
 193              	.LFB3:
 136:Generated_Source\PSoC5/PrISM_1.c **** 
 137:Generated_Source\PSoC5/PrISM_1.c **** 
 138:Generated_Source\PSoC5/PrISM_1.c **** /*******************************************************************************
 139:Generated_Source\PSoC5/PrISM_1.c **** * FUNCTION NAME:   PrISM_1_Stop
 140:Generated_Source\PSoC5/PrISM_1.c **** ********************************************************************************
 141:Generated_Source\PSoC5/PrISM_1.c **** *
 142:Generated_Source\PSoC5/PrISM_1.c **** * Summary:
 143:Generated_Source\PSoC5/PrISM_1.c **** *  Stops PrISM computation. Outputs remain constant.
 144:Generated_Source\PSoC5/PrISM_1.c **** *
 145:Generated_Source\PSoC5/PrISM_1.c **** * Parameters:  
 146:Generated_Source\PSoC5/PrISM_1.c **** *  None.
 147:Generated_Source\PSoC5/PrISM_1.c **** *
 148:Generated_Source\PSoC5/PrISM_1.c **** * Return: 
 149:Generated_Source\PSoC5/PrISM_1.c **** *  None.
ARM GAS  C:\Users\LOCALA~1\AppData\Local\Temp\ccZizSQ2.s 			page 7


 150:Generated_Source\PSoC5/PrISM_1.c **** *
 151:Generated_Source\PSoC5/PrISM_1.c **** *******************************************************************************/
 152:Generated_Source\PSoC5/PrISM_1.c **** void PrISM_1_Stop(void) 
 153:Generated_Source\PSoC5/PrISM_1.c **** {
 194              		.loc 1 153 0
 195              		.cfi_startproc
 196              		@ args = 0, pretend = 0, frame = 0
 197              		@ frame_needed = 1, uses_anonymous_args = 0
 198              		@ link register save eliminated.
 199 0000 80B4     		push	{r7}
 200              		.cfi_def_cfa_offset 4
 201              		.cfi_offset 7, -4
 202 0002 00AF     		add	r7, sp, #0
 203              		.cfi_def_cfa_register 7
 154:Generated_Source\PSoC5/PrISM_1.c ****     #if(!PrISM_1_PULSE_TYPE_HARDCODED)
 155:Generated_Source\PSoC5/PrISM_1.c ****         PrISM_1_CONTROL_REG &= (uint8)~PrISM_1_CTRL_ENABLE;
 204              		.loc 1 155 0
 205 0004 054A     		ldr	r2, .L12
 206 0006 054B     		ldr	r3, .L12
 207 0008 1B78     		ldrb	r3, [r3]
 208 000a DBB2     		uxtb	r3, r3
 209 000c 23F00103 		bic	r3, r3, #1
 210 0010 DBB2     		uxtb	r3, r3
 211 0012 1370     		strb	r3, [r2]
 156:Generated_Source\PSoC5/PrISM_1.c ****     #else
 157:Generated_Source\PSoC5/PrISM_1.c ****         /* PulseTypeHardoded option enabled - to stop PrISM use enable input */
 158:Generated_Source\PSoC5/PrISM_1.c ****     #endif /* End $INSTANCE_NAME`_PULSE_TYPE_HARDCODED */
 159:Generated_Source\PSoC5/PrISM_1.c **** }
 212              		.loc 1 159 0
 213 0014 BD46     		mov	sp, r7
 214              		.cfi_def_cfa_register 13
 215              		@ sp needed
 216 0016 5DF8047B 		ldr	r7, [sp], #4
 217              		.cfi_restore 7
 218              		.cfi_def_cfa_offset 0
 219 001a 7047     		bx	lr
 220              	.L13:
 221              		.align	2
 222              	.L12:
 223 001c 7B640040 		.word	1073767547
 224              		.cfi_endproc
 225              	.LFE3:
 226              		.size	PrISM_1_Stop, .-PrISM_1_Stop
 227              		.section	.text.PrISM_1_SetPulse0Mode,"ax",%progbits
 228              		.align	2
 229              		.global	PrISM_1_SetPulse0Mode
 230              		.thumb
 231              		.thumb_func
 232              		.type	PrISM_1_SetPulse0Mode, %function
 233              	PrISM_1_SetPulse0Mode:
 234              	.LFB4:
 160:Generated_Source\PSoC5/PrISM_1.c **** 
 161:Generated_Source\PSoC5/PrISM_1.c **** #if(!PrISM_1_PULSE_TYPE_HARDCODED)
 162:Generated_Source\PSoC5/PrISM_1.c **** 
 163:Generated_Source\PSoC5/PrISM_1.c **** 
 164:Generated_Source\PSoC5/PrISM_1.c ****     /***************************************************************************
 165:Generated_Source\PSoC5/PrISM_1.c ****     * FUNCTION NAME:     PrISM_1_SetPulse0Mode
ARM GAS  C:\Users\LOCALA~1\AppData\Local\Temp\ccZizSQ2.s 			page 8


 166:Generated_Source\PSoC5/PrISM_1.c ****     ****************************************************************************
 167:Generated_Source\PSoC5/PrISM_1.c ****     *
 168:Generated_Source\PSoC5/PrISM_1.c ****     * Summary:
 169:Generated_Source\PSoC5/PrISM_1.c ****     *  Sets the pulse density type for Density0. Less than or Equal(<=) or 
 170:Generated_Source\PSoC5/PrISM_1.c ****     *  Greater than or Equal(>=).
 171:Generated_Source\PSoC5/PrISM_1.c ****     *
 172:Generated_Source\PSoC5/PrISM_1.c ****     * Parameters:
 173:Generated_Source\PSoC5/PrISM_1.c ****     *  pulse0Type: Selected pulse density type.
 174:Generated_Source\PSoC5/PrISM_1.c ****     *
 175:Generated_Source\PSoC5/PrISM_1.c ****     * Return:
 176:Generated_Source\PSoC5/PrISM_1.c ****     *  None.
 177:Generated_Source\PSoC5/PrISM_1.c ****     *
 178:Generated_Source\PSoC5/PrISM_1.c ****     ***************************************************************************/
 179:Generated_Source\PSoC5/PrISM_1.c ****     void PrISM_1_SetPulse0Mode(uint8 pulse0Type) 
 180:Generated_Source\PSoC5/PrISM_1.c ****     {
 235              		.loc 1 180 0
 236              		.cfi_startproc
 237              		@ args = 0, pretend = 0, frame = 8
 238              		@ frame_needed = 1, uses_anonymous_args = 0
 239              		@ link register save eliminated.
 240 0000 80B4     		push	{r7}
 241              		.cfi_def_cfa_offset 4
 242              		.cfi_offset 7, -4
 243 0002 83B0     		sub	sp, sp, #12
 244              		.cfi_def_cfa_offset 16
 245 0004 00AF     		add	r7, sp, #0
 246              		.cfi_def_cfa_register 7
 247 0006 0346     		mov	r3, r0
 248 0008 FB71     		strb	r3, [r7, #7]
 181:Generated_Source\PSoC5/PrISM_1.c ****         if(pulse0Type == PrISM_1_GREATERTHAN_OR_EQUAL)
 249              		.loc 1 181 0
 250 000a FB79     		ldrb	r3, [r7, #7]	@ zero_extendqisi2
 251 000c 012B     		cmp	r3, #1
 252 000e 08D1     		bne	.L15
 182:Generated_Source\PSoC5/PrISM_1.c ****         {
 183:Generated_Source\PSoC5/PrISM_1.c ****             PrISM_1_CONTROL_REG |= PrISM_1_CTRL_COMPARE_TYPE0_GREATER_THAN_OR_EQUAL;
 253              		.loc 1 183 0
 254 0010 0A4A     		ldr	r2, .L17
 255 0012 0A4B     		ldr	r3, .L17
 256 0014 1B78     		ldrb	r3, [r3]
 257 0016 DBB2     		uxtb	r3, r3
 258 0018 43F00203 		orr	r3, r3, #2
 259 001c DBB2     		uxtb	r3, r3
 260 001e 1370     		strb	r3, [r2]
 261 0020 07E0     		b	.L14
 262              	.L15:
 184:Generated_Source\PSoC5/PrISM_1.c ****         }
 185:Generated_Source\PSoC5/PrISM_1.c ****         else
 186:Generated_Source\PSoC5/PrISM_1.c ****         {
 187:Generated_Source\PSoC5/PrISM_1.c ****             PrISM_1_CONTROL_REG &= (uint8)~PrISM_1_CTRL_COMPARE_TYPE0_GREATER_THAN_OR_EQUAL;
 263              		.loc 1 187 0
 264 0022 064A     		ldr	r2, .L17
 265 0024 054B     		ldr	r3, .L17
 266 0026 1B78     		ldrb	r3, [r3]
 267 0028 DBB2     		uxtb	r3, r3
 268 002a 23F00203 		bic	r3, r3, #2
 269 002e DBB2     		uxtb	r3, r3
ARM GAS  C:\Users\LOCALA~1\AppData\Local\Temp\ccZizSQ2.s 			page 9


 270 0030 1370     		strb	r3, [r2]
 271              	.L14:
 188:Generated_Source\PSoC5/PrISM_1.c ****         }
 189:Generated_Source\PSoC5/PrISM_1.c ****     }
 272              		.loc 1 189 0
 273 0032 0C37     		adds	r7, r7, #12
 274              		.cfi_def_cfa_offset 4
 275 0034 BD46     		mov	sp, r7
 276              		.cfi_def_cfa_register 13
 277              		@ sp needed
 278 0036 5DF8047B 		ldr	r7, [sp], #4
 279              		.cfi_restore 7
 280              		.cfi_def_cfa_offset 0
 281 003a 7047     		bx	lr
 282              	.L18:
 283              		.align	2
 284              	.L17:
 285 003c 7B640040 		.word	1073767547
 286              		.cfi_endproc
 287              	.LFE4:
 288              		.size	PrISM_1_SetPulse0Mode, .-PrISM_1_SetPulse0Mode
 289              		.section	.text.PrISM_1_SetPulse1Mode,"ax",%progbits
 290              		.align	2
 291              		.global	PrISM_1_SetPulse1Mode
 292              		.thumb
 293              		.thumb_func
 294              		.type	PrISM_1_SetPulse1Mode, %function
 295              	PrISM_1_SetPulse1Mode:
 296              	.LFB5:
 190:Generated_Source\PSoC5/PrISM_1.c ****     
 191:Generated_Source\PSoC5/PrISM_1.c ****     
 192:Generated_Source\PSoC5/PrISM_1.c ****     /***************************************************************************
 193:Generated_Source\PSoC5/PrISM_1.c ****     * FUNCTION NAME:   PrISM_1_SetPulse1Mode
 194:Generated_Source\PSoC5/PrISM_1.c ****     ****************************************************************************
 195:Generated_Source\PSoC5/PrISM_1.c ****     *
 196:Generated_Source\PSoC5/PrISM_1.c ****     * Summary:
 197:Generated_Source\PSoC5/PrISM_1.c ****     *  Sets the pulse density type for Density1. Less than or Equal(<=) or 
 198:Generated_Source\PSoC5/PrISM_1.c ****     *  Greater than or Equal(>=).
 199:Generated_Source\PSoC5/PrISM_1.c ****     *
 200:Generated_Source\PSoC5/PrISM_1.c ****     * Parameters:  
 201:Generated_Source\PSoC5/PrISM_1.c ****     *  pulse1Type: Selected pulse density type.
 202:Generated_Source\PSoC5/PrISM_1.c ****     *
 203:Generated_Source\PSoC5/PrISM_1.c ****     * Return:
 204:Generated_Source\PSoC5/PrISM_1.c ****     *  None.
 205:Generated_Source\PSoC5/PrISM_1.c ****     *
 206:Generated_Source\PSoC5/PrISM_1.c ****     ***************************************************************************/
 207:Generated_Source\PSoC5/PrISM_1.c ****     void PrISM_1_SetPulse1Mode(uint8 pulse1Type) 
 208:Generated_Source\PSoC5/PrISM_1.c ****     {
 297              		.loc 1 208 0
 298              		.cfi_startproc
 299              		@ args = 0, pretend = 0, frame = 8
 300              		@ frame_needed = 1, uses_anonymous_args = 0
 301              		@ link register save eliminated.
 302 0000 80B4     		push	{r7}
 303              		.cfi_def_cfa_offset 4
 304              		.cfi_offset 7, -4
 305 0002 83B0     		sub	sp, sp, #12
ARM GAS  C:\Users\LOCALA~1\AppData\Local\Temp\ccZizSQ2.s 			page 10


 306              		.cfi_def_cfa_offset 16
 307 0004 00AF     		add	r7, sp, #0
 308              		.cfi_def_cfa_register 7
 309 0006 0346     		mov	r3, r0
 310 0008 FB71     		strb	r3, [r7, #7]
 209:Generated_Source\PSoC5/PrISM_1.c ****         if(pulse1Type == PrISM_1_GREATERTHAN_OR_EQUAL)
 311              		.loc 1 209 0
 312 000a FB79     		ldrb	r3, [r7, #7]	@ zero_extendqisi2
 313 000c 012B     		cmp	r3, #1
 314 000e 08D1     		bne	.L20
 210:Generated_Source\PSoC5/PrISM_1.c ****         {
 211:Generated_Source\PSoC5/PrISM_1.c ****             PrISM_1_CONTROL_REG |= PrISM_1_CTRL_COMPARE_TYPE1_GREATER_THAN_OR_EQUAL;
 315              		.loc 1 211 0
 316 0010 0A4A     		ldr	r2, .L22
 317 0012 0A4B     		ldr	r3, .L22
 318 0014 1B78     		ldrb	r3, [r3]
 319 0016 DBB2     		uxtb	r3, r3
 320 0018 43F00403 		orr	r3, r3, #4
 321 001c DBB2     		uxtb	r3, r3
 322 001e 1370     		strb	r3, [r2]
 323 0020 07E0     		b	.L19
 324              	.L20:
 212:Generated_Source\PSoC5/PrISM_1.c ****         }
 213:Generated_Source\PSoC5/PrISM_1.c ****         else
 214:Generated_Source\PSoC5/PrISM_1.c ****         {
 215:Generated_Source\PSoC5/PrISM_1.c ****             PrISM_1_CONTROL_REG &= (uint8)~PrISM_1_CTRL_COMPARE_TYPE1_GREATER_THAN_OR_EQUAL;
 325              		.loc 1 215 0
 326 0022 064A     		ldr	r2, .L22
 327 0024 054B     		ldr	r3, .L22
 328 0026 1B78     		ldrb	r3, [r3]
 329 0028 DBB2     		uxtb	r3, r3
 330 002a 23F00403 		bic	r3, r3, #4
 331 002e DBB2     		uxtb	r3, r3
 332 0030 1370     		strb	r3, [r2]
 333              	.L19:
 216:Generated_Source\PSoC5/PrISM_1.c ****         }
 217:Generated_Source\PSoC5/PrISM_1.c ****     }
 334              		.loc 1 217 0
 335 0032 0C37     		adds	r7, r7, #12
 336              		.cfi_def_cfa_offset 4
 337 0034 BD46     		mov	sp, r7
 338              		.cfi_def_cfa_register 13
 339              		@ sp needed
 340 0036 5DF8047B 		ldr	r7, [sp], #4
 341              		.cfi_restore 7
 342              		.cfi_def_cfa_offset 0
 343 003a 7047     		bx	lr
 344              	.L23:
 345              		.align	2
 346              	.L22:
 347 003c 7B640040 		.word	1073767547
 348              		.cfi_endproc
 349              	.LFE5:
 350              		.size	PrISM_1_SetPulse1Mode, .-PrISM_1_SetPulse1Mode
 351              		.section	.text.PrISM_1_ReadSeed,"ax",%progbits
 352              		.align	2
 353              		.global	PrISM_1_ReadSeed
ARM GAS  C:\Users\LOCALA~1\AppData\Local\Temp\ccZizSQ2.s 			page 11


 354              		.thumb
 355              		.thumb_func
 356              		.type	PrISM_1_ReadSeed, %function
 357              	PrISM_1_ReadSeed:
 358              	.LFB6:
 218:Generated_Source\PSoC5/PrISM_1.c **** 
 219:Generated_Source\PSoC5/PrISM_1.c **** #endif /* End PrISM_1_PULSE_TYPE_HARDCODED == 0 */
 220:Generated_Source\PSoC5/PrISM_1.c **** 
 221:Generated_Source\PSoC5/PrISM_1.c **** 
 222:Generated_Source\PSoC5/PrISM_1.c **** /*******************************************************************************
 223:Generated_Source\PSoC5/PrISM_1.c **** * FUNCTION NAME:   PrISM_1_ReadSeed
 224:Generated_Source\PSoC5/PrISM_1.c **** ********************************************************************************
 225:Generated_Source\PSoC5/PrISM_1.c **** *
 226:Generated_Source\PSoC5/PrISM_1.c **** * Summary:
 227:Generated_Source\PSoC5/PrISM_1.c **** *  Reads the PrISM Seed register.
 228:Generated_Source\PSoC5/PrISM_1.c **** *
 229:Generated_Source\PSoC5/PrISM_1.c **** * Parameters:
 230:Generated_Source\PSoC5/PrISM_1.c **** *  None.
 231:Generated_Source\PSoC5/PrISM_1.c **** *
 232:Generated_Source\PSoC5/PrISM_1.c **** * Return:
 233:Generated_Source\PSoC5/PrISM_1.c **** *  Current Period register value.
 234:Generated_Source\PSoC5/PrISM_1.c **** *
 235:Generated_Source\PSoC5/PrISM_1.c **** *******************************************************************************/
 236:Generated_Source\PSoC5/PrISM_1.c **** uint8 PrISM_1_ReadSeed(void) 
 237:Generated_Source\PSoC5/PrISM_1.c **** {
 359              		.loc 1 237 0
 360              		.cfi_startproc
 361              		@ args = 0, pretend = 0, frame = 0
 362              		@ frame_needed = 1, uses_anonymous_args = 0
 363              		@ link register save eliminated.
 364 0000 80B4     		push	{r7}
 365              		.cfi_def_cfa_offset 4
 366              		.cfi_offset 7, -4
 367 0002 00AF     		add	r7, sp, #0
 368              		.cfi_def_cfa_register 7
 238:Generated_Source\PSoC5/PrISM_1.c ****     return( CY_GET_REG8(PrISM_1_SEED_PTR) );
 369              		.loc 1 238 0
 370 0004 034B     		ldr	r3, .L26
 371 0006 1B78     		ldrb	r3, [r3]
 372 0008 DBB2     		uxtb	r3, r3
 239:Generated_Source\PSoC5/PrISM_1.c **** }
 373              		.loc 1 239 0
 374 000a 1846     		mov	r0, r3
 375 000c BD46     		mov	sp, r7
 376              		.cfi_def_cfa_register 13
 377              		@ sp needed
 378 000e 5DF8047B 		ldr	r7, [sp], #4
 379              		.cfi_restore 7
 380              		.cfi_def_cfa_offset 0
 381 0012 7047     		bx	lr
 382              	.L27:
 383              		.align	2
 384              	.L26:
 385 0014 0B640040 		.word	1073767435
 386              		.cfi_endproc
 387              	.LFE6:
 388              		.size	PrISM_1_ReadSeed, .-PrISM_1_ReadSeed
ARM GAS  C:\Users\LOCALA~1\AppData\Local\Temp\ccZizSQ2.s 			page 12


 389              		.section	.text.PrISM_1_WriteSeed,"ax",%progbits
 390              		.align	2
 391              		.global	PrISM_1_WriteSeed
 392              		.thumb
 393              		.thumb_func
 394              		.type	PrISM_1_WriteSeed, %function
 395              	PrISM_1_WriteSeed:
 396              	.LFB7:
 240:Generated_Source\PSoC5/PrISM_1.c **** 
 241:Generated_Source\PSoC5/PrISM_1.c **** 
 242:Generated_Source\PSoC5/PrISM_1.c **** /*******************************************************************************
 243:Generated_Source\PSoC5/PrISM_1.c **** * FUNCTION NAME:   PrISM_1_WriteSeed
 244:Generated_Source\PSoC5/PrISM_1.c **** ********************************************************************************
 245:Generated_Source\PSoC5/PrISM_1.c **** *
 246:Generated_Source\PSoC5/PrISM_1.c **** * Summary:
 247:Generated_Source\PSoC5/PrISM_1.c **** *  Writes the PrISM Seed register with the start value.
 248:Generated_Source\PSoC5/PrISM_1.c **** *
 249:Generated_Source\PSoC5/PrISM_1.c **** * Parameters:
 250:Generated_Source\PSoC5/PrISM_1.c **** *  seed: Seed register value.
 251:Generated_Source\PSoC5/PrISM_1.c **** *
 252:Generated_Source\PSoC5/PrISM_1.c **** * Return:
 253:Generated_Source\PSoC5/PrISM_1.c **** *  None.
 254:Generated_Source\PSoC5/PrISM_1.c **** *
 255:Generated_Source\PSoC5/PrISM_1.c **** *******************************************************************************/
 256:Generated_Source\PSoC5/PrISM_1.c **** void PrISM_1_WriteSeed(uint8 seed) 
 257:Generated_Source\PSoC5/PrISM_1.c **** {
 397              		.loc 1 257 0
 398              		.cfi_startproc
 399              		@ args = 0, pretend = 0, frame = 8
 400              		@ frame_needed = 1, uses_anonymous_args = 0
 401              		@ link register save eliminated.
 402 0000 80B4     		push	{r7}
 403              		.cfi_def_cfa_offset 4
 404              		.cfi_offset 7, -4
 405 0002 83B0     		sub	sp, sp, #12
 406              		.cfi_def_cfa_offset 16
 407 0004 00AF     		add	r7, sp, #0
 408              		.cfi_def_cfa_register 7
 409 0006 0346     		mov	r3, r0
 410 0008 FB71     		strb	r3, [r7, #7]
 258:Generated_Source\PSoC5/PrISM_1.c ****     if(seed != 0u)
 411              		.loc 1 258 0
 412 000a FB79     		ldrb	r3, [r7, #7]	@ zero_extendqisi2
 413 000c 002B     		cmp	r3, #0
 414 000e 05D0     		beq	.L28
 259:Generated_Source\PSoC5/PrISM_1.c ****     {
 260:Generated_Source\PSoC5/PrISM_1.c ****         CY_SET_REG8(PrISM_1_SEED_COPY_PTR, seed);
 415              		.loc 1 260 0
 416 0010 054A     		ldr	r2, .L30
 417 0012 FB79     		ldrb	r3, [r7, #7]
 418 0014 1370     		strb	r3, [r2]
 261:Generated_Source\PSoC5/PrISM_1.c ****         CY_SET_REG8(PrISM_1_SEED_PTR, seed);
 419              		.loc 1 261 0
 420 0016 054A     		ldr	r2, .L30+4
 421 0018 FB79     		ldrb	r3, [r7, #7]
 422 001a 1370     		strb	r3, [r2]
 423              	.L28:
ARM GAS  C:\Users\LOCALA~1\AppData\Local\Temp\ccZizSQ2.s 			page 13


 262:Generated_Source\PSoC5/PrISM_1.c ****     }
 263:Generated_Source\PSoC5/PrISM_1.c **** }
 424              		.loc 1 263 0
 425 001c 0C37     		adds	r7, r7, #12
 426              		.cfi_def_cfa_offset 4
 427 001e BD46     		mov	sp, r7
 428              		.cfi_def_cfa_register 13
 429              		@ sp needed
 430 0020 5DF8047B 		ldr	r7, [sp], #4
 431              		.cfi_restore 7
 432              		.cfi_def_cfa_offset 0
 433 0024 7047     		bx	lr
 434              	.L31:
 435 0026 00BF     		.align	2
 436              	.L30:
 437 0028 4B640040 		.word	1073767499
 438 002c 0B640040 		.word	1073767435
 439              		.cfi_endproc
 440              	.LFE7:
 441              		.size	PrISM_1_WriteSeed, .-PrISM_1_WriteSeed
 442              		.section	.text.PrISM_1_ReadPolynomial,"ax",%progbits
 443              		.align	2
 444              		.global	PrISM_1_ReadPolynomial
 445              		.thumb
 446              		.thumb_func
 447              		.type	PrISM_1_ReadPolynomial, %function
 448              	PrISM_1_ReadPolynomial:
 449              	.LFB8:
 264:Generated_Source\PSoC5/PrISM_1.c **** 
 265:Generated_Source\PSoC5/PrISM_1.c **** 
 266:Generated_Source\PSoC5/PrISM_1.c **** /*******************************************************************************
 267:Generated_Source\PSoC5/PrISM_1.c **** * FUNCTION NAME:   PrISM_1_ReadPolynomial
 268:Generated_Source\PSoC5/PrISM_1.c **** ********************************************************************************
 269:Generated_Source\PSoC5/PrISM_1.c **** *
 270:Generated_Source\PSoC5/PrISM_1.c **** * Summary:
 271:Generated_Source\PSoC5/PrISM_1.c **** *  Reads the PrISM polynomial.
 272:Generated_Source\PSoC5/PrISM_1.c **** *
 273:Generated_Source\PSoC5/PrISM_1.c **** * Parameters:
 274:Generated_Source\PSoC5/PrISM_1.c **** *  None.
 275:Generated_Source\PSoC5/PrISM_1.c **** *
 276:Generated_Source\PSoC5/PrISM_1.c **** * Return:
 277:Generated_Source\PSoC5/PrISM_1.c **** *  PrISM polynomial.
 278:Generated_Source\PSoC5/PrISM_1.c **** *
 279:Generated_Source\PSoC5/PrISM_1.c **** *******************************************************************************/
 280:Generated_Source\PSoC5/PrISM_1.c **** uint8 PrISM_1_ReadPolynomial(void) 
 281:Generated_Source\PSoC5/PrISM_1.c **** {
 450              		.loc 1 281 0
 451              		.cfi_startproc
 452              		@ args = 0, pretend = 0, frame = 0
 453              		@ frame_needed = 1, uses_anonymous_args = 0
 454              		@ link register save eliminated.
 455 0000 80B4     		push	{r7}
 456              		.cfi_def_cfa_offset 4
 457              		.cfi_offset 7, -4
 458 0002 00AF     		add	r7, sp, #0
 459              		.cfi_def_cfa_register 7
 282:Generated_Source\PSoC5/PrISM_1.c ****     return( CY_GET_REG8(PrISM_1_POLYNOM_PTR) );
ARM GAS  C:\Users\LOCALA~1\AppData\Local\Temp\ccZizSQ2.s 			page 14


 460              		.loc 1 282 0
 461 0004 034B     		ldr	r3, .L34
 462 0006 1B78     		ldrb	r3, [r3]
 463 0008 DBB2     		uxtb	r3, r3
 283:Generated_Source\PSoC5/PrISM_1.c **** }
 464              		.loc 1 283 0
 465 000a 1846     		mov	r0, r3
 466 000c BD46     		mov	sp, r7
 467              		.cfi_def_cfa_register 13
 468              		@ sp needed
 469 000e 5DF8047B 		ldr	r7, [sp], #4
 470              		.cfi_restore 7
 471              		.cfi_def_cfa_offset 0
 472 0012 7047     		bx	lr
 473              	.L35:
 474              		.align	2
 475              	.L34:
 476 0014 1B640040 		.word	1073767451
 477              		.cfi_endproc
 478              	.LFE8:
 479              		.size	PrISM_1_ReadPolynomial, .-PrISM_1_ReadPolynomial
 480              		.section	.text.PrISM_1_WritePolynomial,"ax",%progbits
 481              		.align	2
 482              		.global	PrISM_1_WritePolynomial
 483              		.thumb
 484              		.thumb_func
 485              		.type	PrISM_1_WritePolynomial, %function
 486              	PrISM_1_WritePolynomial:
 487              	.LFB9:
 284:Generated_Source\PSoC5/PrISM_1.c **** 
 285:Generated_Source\PSoC5/PrISM_1.c **** 
 286:Generated_Source\PSoC5/PrISM_1.c **** /*******************************************************************************
 287:Generated_Source\PSoC5/PrISM_1.c **** * FUNCTION NAME:   PrISM_1_WritePolynomial
 288:Generated_Source\PSoC5/PrISM_1.c **** ********************************************************************************
 289:Generated_Source\PSoC5/PrISM_1.c **** *
 290:Generated_Source\PSoC5/PrISM_1.c **** * Summary:
 291:Generated_Source\PSoC5/PrISM_1.c **** *  Writes the PrISM polynomial.
 292:Generated_Source\PSoC5/PrISM_1.c **** *
 293:Generated_Source\PSoC5/PrISM_1.c **** * Parameters:
 294:Generated_Source\PSoC5/PrISM_1.c **** *  polynomial: PrISM polynomial.
 295:Generated_Source\PSoC5/PrISM_1.c **** *
 296:Generated_Source\PSoC5/PrISM_1.c **** * Return:
 297:Generated_Source\PSoC5/PrISM_1.c **** *  None.
 298:Generated_Source\PSoC5/PrISM_1.c **** *
 299:Generated_Source\PSoC5/PrISM_1.c **** *******************************************************************************/
 300:Generated_Source\PSoC5/PrISM_1.c **** void PrISM_1_WritePolynomial(uint8 polynomial) \
 301:Generated_Source\PSoC5/PrISM_1.c ****                                                                 
 302:Generated_Source\PSoC5/PrISM_1.c **** {
 488              		.loc 1 302 0
 489              		.cfi_startproc
 490              		@ args = 0, pretend = 0, frame = 8
 491              		@ frame_needed = 1, uses_anonymous_args = 0
 492              		@ link register save eliminated.
 493 0000 80B4     		push	{r7}
 494              		.cfi_def_cfa_offset 4
 495              		.cfi_offset 7, -4
 496 0002 83B0     		sub	sp, sp, #12
ARM GAS  C:\Users\LOCALA~1\AppData\Local\Temp\ccZizSQ2.s 			page 15


 497              		.cfi_def_cfa_offset 16
 498 0004 00AF     		add	r7, sp, #0
 499              		.cfi_def_cfa_register 7
 500 0006 0346     		mov	r3, r0
 501 0008 FB71     		strb	r3, [r7, #7]
 303:Generated_Source\PSoC5/PrISM_1.c ****     CY_SET_REG8(PrISM_1_POLYNOM_PTR, polynomial);
 502              		.loc 1 303 0
 503 000a 044A     		ldr	r2, .L37
 504 000c FB79     		ldrb	r3, [r7, #7]
 505 000e 1370     		strb	r3, [r2]
 304:Generated_Source\PSoC5/PrISM_1.c ****     
 305:Generated_Source\PSoC5/PrISM_1.c **** }
 506              		.loc 1 305 0
 507 0010 0C37     		adds	r7, r7, #12
 508              		.cfi_def_cfa_offset 4
 509 0012 BD46     		mov	sp, r7
 510              		.cfi_def_cfa_register 13
 511              		@ sp needed
 512 0014 5DF8047B 		ldr	r7, [sp], #4
 513              		.cfi_restore 7
 514              		.cfi_def_cfa_offset 0
 515 0018 7047     		bx	lr
 516              	.L38:
 517 001a 00BF     		.align	2
 518              	.L37:
 519 001c 1B640040 		.word	1073767451
 520              		.cfi_endproc
 521              	.LFE9:
 522              		.size	PrISM_1_WritePolynomial, .-PrISM_1_WritePolynomial
 523              		.section	.text.PrISM_1_ReadPulse0,"ax",%progbits
 524              		.align	2
 525              		.global	PrISM_1_ReadPulse0
 526              		.thumb
 527              		.thumb_func
 528              		.type	PrISM_1_ReadPulse0, %function
 529              	PrISM_1_ReadPulse0:
 530              	.LFB10:
 306:Generated_Source\PSoC5/PrISM_1.c **** 
 307:Generated_Source\PSoC5/PrISM_1.c **** 
 308:Generated_Source\PSoC5/PrISM_1.c **** /*******************************************************************************
 309:Generated_Source\PSoC5/PrISM_1.c **** * FUNCTION NAME:   PrISM_1_ReadPulse0
 310:Generated_Source\PSoC5/PrISM_1.c **** ********************************************************************************
 311:Generated_Source\PSoC5/PrISM_1.c **** *
 312:Generated_Source\PSoC5/PrISM_1.c **** * Summary:
 313:Generated_Source\PSoC5/PrISM_1.c **** *  Reads the PrISM Pulse Density0 register.
 314:Generated_Source\PSoC5/PrISM_1.c **** *
 315:Generated_Source\PSoC5/PrISM_1.c **** * Parameters:
 316:Generated_Source\PSoC5/PrISM_1.c **** *  None.
 317:Generated_Source\PSoC5/PrISM_1.c **** *
 318:Generated_Source\PSoC5/PrISM_1.c **** * Return:
 319:Generated_Source\PSoC5/PrISM_1.c **** *  Pulse Density0 register value.
 320:Generated_Source\PSoC5/PrISM_1.c **** *
 321:Generated_Source\PSoC5/PrISM_1.c **** *******************************************************************************/
 322:Generated_Source\PSoC5/PrISM_1.c **** uint8 PrISM_1_ReadPulse0(void) 
 323:Generated_Source\PSoC5/PrISM_1.c **** {
 531              		.loc 1 323 0
 532              		.cfi_startproc
ARM GAS  C:\Users\LOCALA~1\AppData\Local\Temp\ccZizSQ2.s 			page 16


 533              		@ args = 0, pretend = 0, frame = 0
 534              		@ frame_needed = 1, uses_anonymous_args = 0
 535              		@ link register save eliminated.
 536 0000 80B4     		push	{r7}
 537              		.cfi_def_cfa_offset 4
 538              		.cfi_offset 7, -4
 539 0002 00AF     		add	r7, sp, #0
 540              		.cfi_def_cfa_register 7
 324:Generated_Source\PSoC5/PrISM_1.c ****     return( CY_GET_REG8(PrISM_1_DENSITY0_PTR) );
 541              		.loc 1 324 0
 542 0004 034B     		ldr	r3, .L41
 543 0006 1B78     		ldrb	r3, [r3]
 544 0008 DBB2     		uxtb	r3, r3
 325:Generated_Source\PSoC5/PrISM_1.c **** }
 545              		.loc 1 325 0
 546 000a 1846     		mov	r0, r3
 547 000c BD46     		mov	sp, r7
 548              		.cfi_def_cfa_register 13
 549              		@ sp needed
 550 000e 5DF8047B 		ldr	r7, [sp], #4
 551              		.cfi_restore 7
 552              		.cfi_def_cfa_offset 0
 553 0012 7047     		bx	lr
 554              	.L42:
 555              		.align	2
 556              	.L41:
 557 0014 2B640040 		.word	1073767467
 558              		.cfi_endproc
 559              	.LFE10:
 560              		.size	PrISM_1_ReadPulse0, .-PrISM_1_ReadPulse0
 561              		.section	.text.PrISM_1_WritePulse0,"ax",%progbits
 562              		.align	2
 563              		.global	PrISM_1_WritePulse0
 564              		.thumb
 565              		.thumb_func
 566              		.type	PrISM_1_WritePulse0, %function
 567              	PrISM_1_WritePulse0:
 568              	.LFB11:
 326:Generated_Source\PSoC5/PrISM_1.c **** 
 327:Generated_Source\PSoC5/PrISM_1.c **** 
 328:Generated_Source\PSoC5/PrISM_1.c **** /*******************************************************************************
 329:Generated_Source\PSoC5/PrISM_1.c **** * FUNCTION NAME:   PrISM_1_WritePulse0
 330:Generated_Source\PSoC5/PrISM_1.c **** ********************************************************************************
 331:Generated_Source\PSoC5/PrISM_1.c **** *
 332:Generated_Source\PSoC5/PrISM_1.c **** * Summary:
 333:Generated_Source\PSoC5/PrISM_1.c **** *  Writes the PrISM Pulse Density0 register with the Pulse Density value.
 334:Generated_Source\PSoC5/PrISM_1.c **** *
 335:Generated_Source\PSoC5/PrISM_1.c **** * Parameters:
 336:Generated_Source\PSoC5/PrISM_1.c **** *  pulseDensity0: Pulse Density value.
 337:Generated_Source\PSoC5/PrISM_1.c **** *
 338:Generated_Source\PSoC5/PrISM_1.c **** * Return:
 339:Generated_Source\PSoC5/PrISM_1.c **** *  None.
 340:Generated_Source\PSoC5/PrISM_1.c **** *
 341:Generated_Source\PSoC5/PrISM_1.c **** *******************************************************************************/
 342:Generated_Source\PSoC5/PrISM_1.c **** void PrISM_1_WritePulse0(uint8 pulseDensity0) \
 343:Generated_Source\PSoC5/PrISM_1.c ****                                                                 
 344:Generated_Source\PSoC5/PrISM_1.c **** {
ARM GAS  C:\Users\LOCALA~1\AppData\Local\Temp\ccZizSQ2.s 			page 17


 569              		.loc 1 344 0
 570              		.cfi_startproc
 571              		@ args = 0, pretend = 0, frame = 8
 572              		@ frame_needed = 1, uses_anonymous_args = 0
 573              		@ link register save eliminated.
 574 0000 80B4     		push	{r7}
 575              		.cfi_def_cfa_offset 4
 576              		.cfi_offset 7, -4
 577 0002 83B0     		sub	sp, sp, #12
 578              		.cfi_def_cfa_offset 16
 579 0004 00AF     		add	r7, sp, #0
 580              		.cfi_def_cfa_register 7
 581 0006 0346     		mov	r3, r0
 582 0008 FB71     		strb	r3, [r7, #7]
 345:Generated_Source\PSoC5/PrISM_1.c ****     CY_SET_REG8(PrISM_1_DENSITY0_PTR, pulseDensity0);
 583              		.loc 1 345 0
 584 000a 044A     		ldr	r2, .L44
 585 000c FB79     		ldrb	r3, [r7, #7]
 586 000e 1370     		strb	r3, [r2]
 346:Generated_Source\PSoC5/PrISM_1.c **** }
 587              		.loc 1 346 0
 588 0010 0C37     		adds	r7, r7, #12
 589              		.cfi_def_cfa_offset 4
 590 0012 BD46     		mov	sp, r7
 591              		.cfi_def_cfa_register 13
 592              		@ sp needed
 593 0014 5DF8047B 		ldr	r7, [sp], #4
 594              		.cfi_restore 7
 595              		.cfi_def_cfa_offset 0
 596 0018 7047     		bx	lr
 597              	.L45:
 598 001a 00BF     		.align	2
 599              	.L44:
 600 001c 2B640040 		.word	1073767467
 601              		.cfi_endproc
 602              	.LFE11:
 603              		.size	PrISM_1_WritePulse0, .-PrISM_1_WritePulse0
 604              		.section	.text.PrISM_1_ReadPulse1,"ax",%progbits
 605              		.align	2
 606              		.global	PrISM_1_ReadPulse1
 607              		.thumb
 608              		.thumb_func
 609              		.type	PrISM_1_ReadPulse1, %function
 610              	PrISM_1_ReadPulse1:
 611              	.LFB12:
 347:Generated_Source\PSoC5/PrISM_1.c **** 
 348:Generated_Source\PSoC5/PrISM_1.c **** 
 349:Generated_Source\PSoC5/PrISM_1.c **** /*******************************************************************************
 350:Generated_Source\PSoC5/PrISM_1.c **** * FUNCTION NAME:   PrISM_1_ReadPulse1
 351:Generated_Source\PSoC5/PrISM_1.c **** ********************************************************************************
 352:Generated_Source\PSoC5/PrISM_1.c **** *
 353:Generated_Source\PSoC5/PrISM_1.c **** * Summary:
 354:Generated_Source\PSoC5/PrISM_1.c **** *  Reads the PrISM Pulse Density1 register.
 355:Generated_Source\PSoC5/PrISM_1.c **** *
 356:Generated_Source\PSoC5/PrISM_1.c **** * Parameters:
 357:Generated_Source\PSoC5/PrISM_1.c **** *  None.
 358:Generated_Source\PSoC5/PrISM_1.c **** *
ARM GAS  C:\Users\LOCALA~1\AppData\Local\Temp\ccZizSQ2.s 			page 18


 359:Generated_Source\PSoC5/PrISM_1.c **** * Return:
 360:Generated_Source\PSoC5/PrISM_1.c **** *  Pulse Density1 register value.
 361:Generated_Source\PSoC5/PrISM_1.c **** *
 362:Generated_Source\PSoC5/PrISM_1.c **** *******************************************************************************/
 363:Generated_Source\PSoC5/PrISM_1.c **** uint8 PrISM_1_ReadPulse1(void) 
 364:Generated_Source\PSoC5/PrISM_1.c **** {
 612              		.loc 1 364 0
 613              		.cfi_startproc
 614              		@ args = 0, pretend = 0, frame = 0
 615              		@ frame_needed = 1, uses_anonymous_args = 0
 616              		@ link register save eliminated.
 617 0000 80B4     		push	{r7}
 618              		.cfi_def_cfa_offset 4
 619              		.cfi_offset 7, -4
 620 0002 00AF     		add	r7, sp, #0
 621              		.cfi_def_cfa_register 7
 365:Generated_Source\PSoC5/PrISM_1.c ****     return( CY_GET_REG8(PrISM_1_DENSITY1_PTR) );
 622              		.loc 1 365 0
 623 0004 034B     		ldr	r3, .L48
 624 0006 1B78     		ldrb	r3, [r3]
 625 0008 DBB2     		uxtb	r3, r3
 366:Generated_Source\PSoC5/PrISM_1.c **** }
 626              		.loc 1 366 0
 627 000a 1846     		mov	r0, r3
 628 000c BD46     		mov	sp, r7
 629              		.cfi_def_cfa_register 13
 630              		@ sp needed
 631 000e 5DF8047B 		ldr	r7, [sp], #4
 632              		.cfi_restore 7
 633              		.cfi_def_cfa_offset 0
 634 0012 7047     		bx	lr
 635              	.L49:
 636              		.align	2
 637              	.L48:
 638 0014 3B640040 		.word	1073767483
 639              		.cfi_endproc
 640              	.LFE12:
 641              		.size	PrISM_1_ReadPulse1, .-PrISM_1_ReadPulse1
 642              		.section	.text.PrISM_1_WritePulse1,"ax",%progbits
 643              		.align	2
 644              		.global	PrISM_1_WritePulse1
 645              		.thumb
 646              		.thumb_func
 647              		.type	PrISM_1_WritePulse1, %function
 648              	PrISM_1_WritePulse1:
 649              	.LFB13:
 367:Generated_Source\PSoC5/PrISM_1.c **** 
 368:Generated_Source\PSoC5/PrISM_1.c **** 
 369:Generated_Source\PSoC5/PrISM_1.c **** /*******************************************************************************
 370:Generated_Source\PSoC5/PrISM_1.c **** * FUNCTION NAME:   PrISM_1_WritePulse1
 371:Generated_Source\PSoC5/PrISM_1.c **** ********************************************************************************
 372:Generated_Source\PSoC5/PrISM_1.c **** *
 373:Generated_Source\PSoC5/PrISM_1.c **** * Summary:
 374:Generated_Source\PSoC5/PrISM_1.c **** *  Writes the PrISM Pulse Density1 register with the Pulse Density value.
 375:Generated_Source\PSoC5/PrISM_1.c **** *
 376:Generated_Source\PSoC5/PrISM_1.c **** * Parameters:
 377:Generated_Source\PSoC5/PrISM_1.c **** *  pulseDensity1: Pulse Density value.
ARM GAS  C:\Users\LOCALA~1\AppData\Local\Temp\ccZizSQ2.s 			page 19


 378:Generated_Source\PSoC5/PrISM_1.c **** *
 379:Generated_Source\PSoC5/PrISM_1.c **** * Return:
 380:Generated_Source\PSoC5/PrISM_1.c **** *  None.
 381:Generated_Source\PSoC5/PrISM_1.c **** *
 382:Generated_Source\PSoC5/PrISM_1.c **** *******************************************************************************/
 383:Generated_Source\PSoC5/PrISM_1.c **** void PrISM_1_WritePulse1(uint8 pulseDensity1) \
 384:Generated_Source\PSoC5/PrISM_1.c ****                                                                     
 385:Generated_Source\PSoC5/PrISM_1.c **** {
 650              		.loc 1 385 0
 651              		.cfi_startproc
 652              		@ args = 0, pretend = 0, frame = 8
 653              		@ frame_needed = 1, uses_anonymous_args = 0
 654              		@ link register save eliminated.
 655 0000 80B4     		push	{r7}
 656              		.cfi_def_cfa_offset 4
 657              		.cfi_offset 7, -4
 658 0002 83B0     		sub	sp, sp, #12
 659              		.cfi_def_cfa_offset 16
 660 0004 00AF     		add	r7, sp, #0
 661              		.cfi_def_cfa_register 7
 662 0006 0346     		mov	r3, r0
 663 0008 FB71     		strb	r3, [r7, #7]
 386:Generated_Source\PSoC5/PrISM_1.c ****     CY_SET_REG8(PrISM_1_DENSITY1_PTR, pulseDensity1);
 664              		.loc 1 386 0
 665 000a 044A     		ldr	r2, .L51
 666 000c FB79     		ldrb	r3, [r7, #7]
 667 000e 1370     		strb	r3, [r2]
 387:Generated_Source\PSoC5/PrISM_1.c **** }
 668              		.loc 1 387 0
 669 0010 0C37     		adds	r7, r7, #12
 670              		.cfi_def_cfa_offset 4
 671 0012 BD46     		mov	sp, r7
 672              		.cfi_def_cfa_register 13
 673              		@ sp needed
 674 0014 5DF8047B 		ldr	r7, [sp], #4
 675              		.cfi_restore 7
 676              		.cfi_def_cfa_offset 0
 677 0018 7047     		bx	lr
 678              	.L52:
 679 001a 00BF     		.align	2
 680              	.L51:
 681 001c 3B640040 		.word	1073767483
 682              		.cfi_endproc
 683              	.LFE13:
 684              		.size	PrISM_1_WritePulse1, .-PrISM_1_WritePulse1
 685              		.text
 686              	.Letext0:
 687              		.file 2 "Generated_Source\\PSoC5\\cytypes.h"
 688              		.section	.debug_info,"",%progbits
 689              	.Ldebug_info0:
 690 0000 40020000 		.4byte	0x240
 691 0004 0400     		.2byte	0x4
 692 0006 00000000 		.4byte	.Ldebug_abbrev0
 693 000a 04       		.byte	0x4
 694 000b 01       		.uleb128 0x1
 695 000c 26010000 		.4byte	.LASF35
 696 0010 01       		.byte	0x1
ARM GAS  C:\Users\LOCALA~1\AppData\Local\Temp\ccZizSQ2.s 			page 20


 697 0011 7B020000 		.4byte	.LASF36
 698 0015 2D000000 		.4byte	.LASF37
 699 0019 00000000 		.4byte	.Ldebug_ranges0+0
 700 001d 00000000 		.4byte	0
 701 0021 00000000 		.4byte	.Ldebug_line0
 702 0025 02       		.uleb128 0x2
 703 0026 04       		.byte	0x4
 704 0027 05       		.byte	0x5
 705 0028 696E7400 		.ascii	"int\000"
 706 002c 03       		.uleb128 0x3
 707 002d 04       		.byte	0x4
 708 002e 07       		.byte	0x7
 709 002f 81000000 		.4byte	.LASF0
 710 0033 03       		.uleb128 0x3
 711 0034 01       		.byte	0x1
 712 0035 06       		.byte	0x6
 713 0036 CE020000 		.4byte	.LASF1
 714 003a 03       		.uleb128 0x3
 715 003b 01       		.byte	0x1
 716 003c 08       		.byte	0x8
 717 003d D8000000 		.4byte	.LASF2
 718 0041 03       		.uleb128 0x3
 719 0042 02       		.byte	0x2
 720 0043 05       		.byte	0x5
 721 0044 B0020000 		.4byte	.LASF3
 722 0048 03       		.uleb128 0x3
 723 0049 02       		.byte	0x2
 724 004a 07       		.byte	0x7
 725 004b 6E000000 		.4byte	.LASF4
 726 004f 03       		.uleb128 0x3
 727 0050 04       		.byte	0x4
 728 0051 05       		.byte	0x5
 729 0052 C5020000 		.4byte	.LASF5
 730 0056 03       		.uleb128 0x3
 731 0057 04       		.byte	0x4
 732 0058 07       		.byte	0x7
 733 0059 EB000000 		.4byte	.LASF6
 734 005d 03       		.uleb128 0x3
 735 005e 08       		.byte	0x8
 736 005f 05       		.byte	0x5
 737 0060 4C020000 		.4byte	.LASF7
 738 0064 03       		.uleb128 0x3
 739 0065 08       		.byte	0x8
 740 0066 07       		.byte	0x7
 741 0067 04020000 		.4byte	.LASF8
 742 006b 03       		.uleb128 0x3
 743 006c 04       		.byte	0x4
 744 006d 07       		.byte	0x7
 745 006e 43020000 		.4byte	.LASF9
 746 0072 03       		.uleb128 0x3
 747 0073 01       		.byte	0x1
 748 0074 08       		.byte	0x8
 749 0075 5A020000 		.4byte	.LASF10
 750 0079 04       		.uleb128 0x4
 751 007a BA020000 		.4byte	.LASF13
 752 007e 02       		.byte	0x2
 753 007f 9201     		.2byte	0x192
ARM GAS  C:\Users\LOCALA~1\AppData\Local\Temp\ccZizSQ2.s 			page 21


 754 0081 3A000000 		.4byte	0x3a
 755 0085 03       		.uleb128 0x3
 756 0086 04       		.byte	0x4
 757 0087 04       		.byte	0x4
 758 0088 BC000000 		.4byte	.LASF11
 759 008c 03       		.uleb128 0x3
 760 008d 08       		.byte	0x8
 761 008e 04       		.byte	0x4
 762 008f B4010000 		.4byte	.LASF12
 763 0093 04       		.uleb128 0x4
 764 0094 E6000000 		.4byte	.LASF14
 765 0098 02       		.byte	0x2
 766 0099 3C02     		.2byte	0x23c
 767 009b 9F000000 		.4byte	0x9f
 768 009f 05       		.uleb128 0x5
 769 00a0 79000000 		.4byte	0x79
 770 00a4 06       		.uleb128 0x6
 771 00a5 1F000000 		.4byte	.LASF15
 772 00a9 01       		.byte	0x1
 773 00aa 36       		.byte	0x36
 774 00ab 00000000 		.4byte	.LFB0
 775 00af 20000000 		.4byte	.LFE0-.LFB0
 776 00b3 01       		.uleb128 0x1
 777 00b4 9C       		.byte	0x9c
 778 00b5 07       		.uleb128 0x7
 779 00b6 12000000 		.4byte	.LASF18
 780 00ba 01       		.byte	0x1
 781 00bb 52       		.byte	0x52
 782 00bc 00000000 		.4byte	.LFB1
 783 00c0 6C000000 		.4byte	.LFE1-.LFB1
 784 00c4 01       		.uleb128 0x1
 785 00c5 9C       		.byte	0x9c
 786 00c6 D9000000 		.4byte	0xd9
 787 00ca 08       		.uleb128 0x8
 788 00cb 15010000 		.4byte	.LASF38
 789 00cf 01       		.byte	0x1
 790 00d0 54       		.byte	0x54
 791 00d1 79000000 		.4byte	0x79
 792 00d5 02       		.uleb128 0x2
 793 00d6 91       		.byte	0x91
 794 00d7 77       		.sleb128 -9
 795 00d8 00       		.byte	0
 796 00d9 09       		.uleb128 0x9
 797 00da 8E000000 		.4byte	.LASF16
 798 00de 01       		.byte	0x1
 799 00df 81       		.byte	0x81
 800 00e0 00000000 		.4byte	.LFB2
 801 00e4 20000000 		.4byte	.LFE2-.LFB2
 802 00e8 01       		.uleb128 0x1
 803 00e9 9C       		.byte	0x9c
 804 00ea 09       		.uleb128 0x9
 805 00eb E7010000 		.4byte	.LASF17
 806 00ef 01       		.byte	0x1
 807 00f0 98       		.byte	0x98
 808 00f1 00000000 		.4byte	.LFB3
 809 00f5 20000000 		.4byte	.LFE3-.LFB3
 810 00f9 01       		.uleb128 0x1
ARM GAS  C:\Users\LOCALA~1\AppData\Local\Temp\ccZizSQ2.s 			page 22


 811 00fa 9C       		.byte	0x9c
 812 00fb 0A       		.uleb128 0xa
 813 00fc C2000000 		.4byte	.LASF19
 814 0100 01       		.byte	0x1
 815 0101 B3       		.byte	0xb3
 816 0102 00000000 		.4byte	.LFB4
 817 0106 40000000 		.4byte	.LFE4-.LFB4
 818 010a 01       		.uleb128 0x1
 819 010b 9C       		.byte	0x9c
 820 010c 1F010000 		.4byte	0x11f
 821 0110 0B       		.uleb128 0xb
 822 0111 9D000000 		.4byte	.LASF21
 823 0115 01       		.byte	0x1
 824 0116 B3       		.byte	0xb3
 825 0117 79000000 		.4byte	0x79
 826 011b 02       		.uleb128 0x2
 827 011c 91       		.byte	0x91
 828 011d 77       		.sleb128 -9
 829 011e 00       		.byte	0
 830 011f 0A       		.uleb128 0xa
 831 0120 D1010000 		.4byte	.LASF20
 832 0124 01       		.byte	0x1
 833 0125 CF       		.byte	0xcf
 834 0126 00000000 		.4byte	.LFB5
 835 012a 40000000 		.4byte	.LFE5-.LFB5
 836 012e 01       		.uleb128 0x1
 837 012f 9C       		.byte	0x9c
 838 0130 43010000 		.4byte	0x143
 839 0134 0B       		.uleb128 0xb
 840 0135 C6010000 		.4byte	.LASF22
 841 0139 01       		.byte	0x1
 842 013a CF       		.byte	0xcf
 843 013b 79000000 		.4byte	0x79
 844 013f 02       		.uleb128 0x2
 845 0140 91       		.byte	0x91
 846 0141 77       		.sleb128 -9
 847 0142 00       		.byte	0
 848 0143 0C       		.uleb128 0xc
 849 0144 1B020000 		.4byte	.LASF25
 850 0148 01       		.byte	0x1
 851 0149 EC       		.byte	0xec
 852 014a 79000000 		.4byte	0x79
 853 014e 00000000 		.4byte	.LFB6
 854 0152 18000000 		.4byte	.LFE6-.LFB6
 855 0156 01       		.uleb128 0x1
 856 0157 9C       		.byte	0x9c
 857 0158 0D       		.uleb128 0xd
 858 0159 00000000 		.4byte	.LASF23
 859 015d 01       		.byte	0x1
 860 015e 0001     		.2byte	0x100
 861 0160 00000000 		.4byte	.LFB7
 862 0164 30000000 		.4byte	.LFE7-.LFB7
 863 0168 01       		.uleb128 0x1
 864 0169 9C       		.byte	0x9c
 865 016a 7E010000 		.4byte	0x17e
 866 016e 0E       		.uleb128 0xe
 867 016f C0020000 		.4byte	.LASF24
ARM GAS  C:\Users\LOCALA~1\AppData\Local\Temp\ccZizSQ2.s 			page 23


 868 0173 01       		.byte	0x1
 869 0174 0001     		.2byte	0x100
 870 0176 79000000 		.4byte	0x79
 871 017a 02       		.uleb128 0x2
 872 017b 91       		.byte	0x91
 873 017c 77       		.sleb128 -9
 874 017d 00       		.byte	0
 875 017e 0F       		.uleb128 0xf
 876 017f 2C020000 		.4byte	.LASF26
 877 0183 01       		.byte	0x1
 878 0184 1801     		.2byte	0x118
 879 0186 79000000 		.4byte	0x79
 880 018a 00000000 		.4byte	.LFB8
 881 018e 18000000 		.4byte	.LFE8-.LFB8
 882 0192 01       		.uleb128 0x1
 883 0193 9C       		.byte	0x9c
 884 0194 0D       		.uleb128 0xd
 885 0195 FD000000 		.4byte	.LASF27
 886 0199 01       		.byte	0x1
 887 019a 2C01     		.2byte	0x12c
 888 019c 00000000 		.4byte	.LFB9
 889 01a0 20000000 		.4byte	.LFE9-.LFB9
 890 01a4 01       		.uleb128 0x1
 891 01a5 9C       		.byte	0x9c
 892 01a6 BA010000 		.4byte	0x1ba
 893 01aa 0E       		.uleb128 0xe
 894 01ab BB010000 		.4byte	.LASF28
 895 01af 01       		.byte	0x1
 896 01b0 2C01     		.2byte	0x12c
 897 01b2 79000000 		.4byte	0x79
 898 01b6 02       		.uleb128 0x2
 899 01b7 91       		.byte	0x91
 900 01b8 77       		.sleb128 -9
 901 01b9 00       		.byte	0
 902 01ba 0F       		.uleb128 0xf
 903 01bb DA020000 		.4byte	.LASF29
 904 01bf 01       		.byte	0x1
 905 01c0 4201     		.2byte	0x142
 906 01c2 79000000 		.4byte	0x79
 907 01c6 00000000 		.4byte	.LFB10
 908 01ca 18000000 		.4byte	.LFE10-.LFB10
 909 01ce 01       		.uleb128 0x1
 910 01cf 9C       		.byte	0x9c
 911 01d0 0D       		.uleb128 0xd
 912 01d1 A8000000 		.4byte	.LASF30
 913 01d5 01       		.byte	0x1
 914 01d6 5601     		.2byte	0x156
 915 01d8 00000000 		.4byte	.LFB11
 916 01dc 20000000 		.4byte	.LFE11-.LFB11
 917 01e0 01       		.uleb128 0x1
 918 01e1 9C       		.byte	0x9c
 919 01e2 F6010000 		.4byte	0x1f6
 920 01e6 0E       		.uleb128 0xe
 921 01e7 5F020000 		.4byte	.LASF31
 922 01eb 01       		.byte	0x1
 923 01ec 5601     		.2byte	0x156
 924 01ee 79000000 		.4byte	0x79
ARM GAS  C:\Users\LOCALA~1\AppData\Local\Temp\ccZizSQ2.s 			page 24


 925 01f2 02       		.uleb128 0x2
 926 01f3 91       		.byte	0x91
 927 01f4 77       		.sleb128 -9
 928 01f5 00       		.byte	0
 929 01f6 0F       		.uleb128 0xf
 930 01f7 ED020000 		.4byte	.LASF32
 931 01fb 01       		.byte	0x1
 932 01fc 6B01     		.2byte	0x16b
 933 01fe 79000000 		.4byte	0x79
 934 0202 00000000 		.4byte	.LFB12
 935 0206 18000000 		.4byte	.LFE12-.LFB12
 936 020a 01       		.uleb128 0x1
 937 020b 9C       		.byte	0x9c
 938 020c 0D       		.uleb128 0xd
 939 020d 9C020000 		.4byte	.LASF33
 940 0211 01       		.byte	0x1
 941 0212 7F01     		.2byte	0x17f
 942 0214 00000000 		.4byte	.LFB13
 943 0218 20000000 		.4byte	.LFE13-.LFB13
 944 021c 01       		.uleb128 0x1
 945 021d 9C       		.byte	0x9c
 946 021e 32020000 		.4byte	0x232
 947 0222 0E       		.uleb128 0xe
 948 0223 6D020000 		.4byte	.LASF34
 949 0227 01       		.byte	0x1
 950 0228 7F01     		.2byte	0x17f
 951 022a 79000000 		.4byte	0x79
 952 022e 02       		.uleb128 0x2
 953 022f 91       		.byte	0x91
 954 0230 77       		.sleb128 -9
 955 0231 00       		.byte	0
 956 0232 10       		.uleb128 0x10
 957 0233 F4010000 		.4byte	.LASF39
 958 0237 01       		.byte	0x1
 959 0238 1A       		.byte	0x1a
 960 0239 79000000 		.4byte	0x79
 961 023d 05       		.uleb128 0x5
 962 023e 03       		.byte	0x3
 963 023f 00000000 		.4byte	PrISM_1_initVar
 964 0243 00       		.byte	0
 965              		.section	.debug_abbrev,"",%progbits
 966              	.Ldebug_abbrev0:
 967 0000 01       		.uleb128 0x1
 968 0001 11       		.uleb128 0x11
 969 0002 01       		.byte	0x1
 970 0003 25       		.uleb128 0x25
 971 0004 0E       		.uleb128 0xe
 972 0005 13       		.uleb128 0x13
 973 0006 0B       		.uleb128 0xb
 974 0007 03       		.uleb128 0x3
 975 0008 0E       		.uleb128 0xe
 976 0009 1B       		.uleb128 0x1b
 977 000a 0E       		.uleb128 0xe
 978 000b 55       		.uleb128 0x55
 979 000c 17       		.uleb128 0x17
 980 000d 11       		.uleb128 0x11
 981 000e 01       		.uleb128 0x1
ARM GAS  C:\Users\LOCALA~1\AppData\Local\Temp\ccZizSQ2.s 			page 25


 982 000f 10       		.uleb128 0x10
 983 0010 17       		.uleb128 0x17
 984 0011 00       		.byte	0
 985 0012 00       		.byte	0
 986 0013 02       		.uleb128 0x2
 987 0014 24       		.uleb128 0x24
 988 0015 00       		.byte	0
 989 0016 0B       		.uleb128 0xb
 990 0017 0B       		.uleb128 0xb
 991 0018 3E       		.uleb128 0x3e
 992 0019 0B       		.uleb128 0xb
 993 001a 03       		.uleb128 0x3
 994 001b 08       		.uleb128 0x8
 995 001c 00       		.byte	0
 996 001d 00       		.byte	0
 997 001e 03       		.uleb128 0x3
 998 001f 24       		.uleb128 0x24
 999 0020 00       		.byte	0
 1000 0021 0B       		.uleb128 0xb
 1001 0022 0B       		.uleb128 0xb
 1002 0023 3E       		.uleb128 0x3e
 1003 0024 0B       		.uleb128 0xb
 1004 0025 03       		.uleb128 0x3
 1005 0026 0E       		.uleb128 0xe
 1006 0027 00       		.byte	0
 1007 0028 00       		.byte	0
 1008 0029 04       		.uleb128 0x4
 1009 002a 16       		.uleb128 0x16
 1010 002b 00       		.byte	0
 1011 002c 03       		.uleb128 0x3
 1012 002d 0E       		.uleb128 0xe
 1013 002e 3A       		.uleb128 0x3a
 1014 002f 0B       		.uleb128 0xb
 1015 0030 3B       		.uleb128 0x3b
 1016 0031 05       		.uleb128 0x5
 1017 0032 49       		.uleb128 0x49
 1018 0033 13       		.uleb128 0x13
 1019 0034 00       		.byte	0
 1020 0035 00       		.byte	0
 1021 0036 05       		.uleb128 0x5
 1022 0037 35       		.uleb128 0x35
 1023 0038 00       		.byte	0
 1024 0039 49       		.uleb128 0x49
 1025 003a 13       		.uleb128 0x13
 1026 003b 00       		.byte	0
 1027 003c 00       		.byte	0
 1028 003d 06       		.uleb128 0x6
 1029 003e 2E       		.uleb128 0x2e
 1030 003f 00       		.byte	0
 1031 0040 3F       		.uleb128 0x3f
 1032 0041 19       		.uleb128 0x19
 1033 0042 03       		.uleb128 0x3
 1034 0043 0E       		.uleb128 0xe
 1035 0044 3A       		.uleb128 0x3a
 1036 0045 0B       		.uleb128 0xb
 1037 0046 3B       		.uleb128 0x3b
 1038 0047 0B       		.uleb128 0xb
ARM GAS  C:\Users\LOCALA~1\AppData\Local\Temp\ccZizSQ2.s 			page 26


 1039 0048 27       		.uleb128 0x27
 1040 0049 19       		.uleb128 0x19
 1041 004a 11       		.uleb128 0x11
 1042 004b 01       		.uleb128 0x1
 1043 004c 12       		.uleb128 0x12
 1044 004d 06       		.uleb128 0x6
 1045 004e 40       		.uleb128 0x40
 1046 004f 18       		.uleb128 0x18
 1047 0050 9642     		.uleb128 0x2116
 1048 0052 19       		.uleb128 0x19
 1049 0053 00       		.byte	0
 1050 0054 00       		.byte	0
 1051 0055 07       		.uleb128 0x7
 1052 0056 2E       		.uleb128 0x2e
 1053 0057 01       		.byte	0x1
 1054 0058 3F       		.uleb128 0x3f
 1055 0059 19       		.uleb128 0x19
 1056 005a 03       		.uleb128 0x3
 1057 005b 0E       		.uleb128 0xe
 1058 005c 3A       		.uleb128 0x3a
 1059 005d 0B       		.uleb128 0xb
 1060 005e 3B       		.uleb128 0x3b
 1061 005f 0B       		.uleb128 0xb
 1062 0060 27       		.uleb128 0x27
 1063 0061 19       		.uleb128 0x19
 1064 0062 11       		.uleb128 0x11
 1065 0063 01       		.uleb128 0x1
 1066 0064 12       		.uleb128 0x12
 1067 0065 06       		.uleb128 0x6
 1068 0066 40       		.uleb128 0x40
 1069 0067 18       		.uleb128 0x18
 1070 0068 9642     		.uleb128 0x2116
 1071 006a 19       		.uleb128 0x19
 1072 006b 01       		.uleb128 0x1
 1073 006c 13       		.uleb128 0x13
 1074 006d 00       		.byte	0
 1075 006e 00       		.byte	0
 1076 006f 08       		.uleb128 0x8
 1077 0070 34       		.uleb128 0x34
 1078 0071 00       		.byte	0
 1079 0072 03       		.uleb128 0x3
 1080 0073 0E       		.uleb128 0xe
 1081 0074 3A       		.uleb128 0x3a
 1082 0075 0B       		.uleb128 0xb
 1083 0076 3B       		.uleb128 0x3b
 1084 0077 0B       		.uleb128 0xb
 1085 0078 49       		.uleb128 0x49
 1086 0079 13       		.uleb128 0x13
 1087 007a 02       		.uleb128 0x2
 1088 007b 18       		.uleb128 0x18
 1089 007c 00       		.byte	0
 1090 007d 00       		.byte	0
 1091 007e 09       		.uleb128 0x9
 1092 007f 2E       		.uleb128 0x2e
 1093 0080 00       		.byte	0
 1094 0081 3F       		.uleb128 0x3f
 1095 0082 19       		.uleb128 0x19
ARM GAS  C:\Users\LOCALA~1\AppData\Local\Temp\ccZizSQ2.s 			page 27


 1096 0083 03       		.uleb128 0x3
 1097 0084 0E       		.uleb128 0xe
 1098 0085 3A       		.uleb128 0x3a
 1099 0086 0B       		.uleb128 0xb
 1100 0087 3B       		.uleb128 0x3b
 1101 0088 0B       		.uleb128 0xb
 1102 0089 27       		.uleb128 0x27
 1103 008a 19       		.uleb128 0x19
 1104 008b 11       		.uleb128 0x11
 1105 008c 01       		.uleb128 0x1
 1106 008d 12       		.uleb128 0x12
 1107 008e 06       		.uleb128 0x6
 1108 008f 40       		.uleb128 0x40
 1109 0090 18       		.uleb128 0x18
 1110 0091 9742     		.uleb128 0x2117
 1111 0093 19       		.uleb128 0x19
 1112 0094 00       		.byte	0
 1113 0095 00       		.byte	0
 1114 0096 0A       		.uleb128 0xa
 1115 0097 2E       		.uleb128 0x2e
 1116 0098 01       		.byte	0x1
 1117 0099 3F       		.uleb128 0x3f
 1118 009a 19       		.uleb128 0x19
 1119 009b 03       		.uleb128 0x3
 1120 009c 0E       		.uleb128 0xe
 1121 009d 3A       		.uleb128 0x3a
 1122 009e 0B       		.uleb128 0xb
 1123 009f 3B       		.uleb128 0x3b
 1124 00a0 0B       		.uleb128 0xb
 1125 00a1 27       		.uleb128 0x27
 1126 00a2 19       		.uleb128 0x19
 1127 00a3 11       		.uleb128 0x11
 1128 00a4 01       		.uleb128 0x1
 1129 00a5 12       		.uleb128 0x12
 1130 00a6 06       		.uleb128 0x6
 1131 00a7 40       		.uleb128 0x40
 1132 00a8 18       		.uleb128 0x18
 1133 00a9 9742     		.uleb128 0x2117
 1134 00ab 19       		.uleb128 0x19
 1135 00ac 01       		.uleb128 0x1
 1136 00ad 13       		.uleb128 0x13
 1137 00ae 00       		.byte	0
 1138 00af 00       		.byte	0
 1139 00b0 0B       		.uleb128 0xb
 1140 00b1 05       		.uleb128 0x5
 1141 00b2 00       		.byte	0
 1142 00b3 03       		.uleb128 0x3
 1143 00b4 0E       		.uleb128 0xe
 1144 00b5 3A       		.uleb128 0x3a
 1145 00b6 0B       		.uleb128 0xb
 1146 00b7 3B       		.uleb128 0x3b
 1147 00b8 0B       		.uleb128 0xb
 1148 00b9 49       		.uleb128 0x49
 1149 00ba 13       		.uleb128 0x13
 1150 00bb 02       		.uleb128 0x2
 1151 00bc 18       		.uleb128 0x18
 1152 00bd 00       		.byte	0
ARM GAS  C:\Users\LOCALA~1\AppData\Local\Temp\ccZizSQ2.s 			page 28


 1153 00be 00       		.byte	0
 1154 00bf 0C       		.uleb128 0xc
 1155 00c0 2E       		.uleb128 0x2e
 1156 00c1 00       		.byte	0
 1157 00c2 3F       		.uleb128 0x3f
 1158 00c3 19       		.uleb128 0x19
 1159 00c4 03       		.uleb128 0x3
 1160 00c5 0E       		.uleb128 0xe
 1161 00c6 3A       		.uleb128 0x3a
 1162 00c7 0B       		.uleb128 0xb
 1163 00c8 3B       		.uleb128 0x3b
 1164 00c9 0B       		.uleb128 0xb
 1165 00ca 27       		.uleb128 0x27
 1166 00cb 19       		.uleb128 0x19
 1167 00cc 49       		.uleb128 0x49
 1168 00cd 13       		.uleb128 0x13
 1169 00ce 11       		.uleb128 0x11
 1170 00cf 01       		.uleb128 0x1
 1171 00d0 12       		.uleb128 0x12
 1172 00d1 06       		.uleb128 0x6
 1173 00d2 40       		.uleb128 0x40
 1174 00d3 18       		.uleb128 0x18
 1175 00d4 9742     		.uleb128 0x2117
 1176 00d6 19       		.uleb128 0x19
 1177 00d7 00       		.byte	0
 1178 00d8 00       		.byte	0
 1179 00d9 0D       		.uleb128 0xd
 1180 00da 2E       		.uleb128 0x2e
 1181 00db 01       		.byte	0x1
 1182 00dc 3F       		.uleb128 0x3f
 1183 00dd 19       		.uleb128 0x19
 1184 00de 03       		.uleb128 0x3
 1185 00df 0E       		.uleb128 0xe
 1186 00e0 3A       		.uleb128 0x3a
 1187 00e1 0B       		.uleb128 0xb
 1188 00e2 3B       		.uleb128 0x3b
 1189 00e3 05       		.uleb128 0x5
 1190 00e4 27       		.uleb128 0x27
 1191 00e5 19       		.uleb128 0x19
 1192 00e6 11       		.uleb128 0x11
 1193 00e7 01       		.uleb128 0x1
 1194 00e8 12       		.uleb128 0x12
 1195 00e9 06       		.uleb128 0x6
 1196 00ea 40       		.uleb128 0x40
 1197 00eb 18       		.uleb128 0x18
 1198 00ec 9742     		.uleb128 0x2117
 1199 00ee 19       		.uleb128 0x19
 1200 00ef 01       		.uleb128 0x1
 1201 00f0 13       		.uleb128 0x13
 1202 00f1 00       		.byte	0
 1203 00f2 00       		.byte	0
 1204 00f3 0E       		.uleb128 0xe
 1205 00f4 05       		.uleb128 0x5
 1206 00f5 00       		.byte	0
 1207 00f6 03       		.uleb128 0x3
 1208 00f7 0E       		.uleb128 0xe
 1209 00f8 3A       		.uleb128 0x3a
ARM GAS  C:\Users\LOCALA~1\AppData\Local\Temp\ccZizSQ2.s 			page 29


 1210 00f9 0B       		.uleb128 0xb
 1211 00fa 3B       		.uleb128 0x3b
 1212 00fb 05       		.uleb128 0x5
 1213 00fc 49       		.uleb128 0x49
 1214 00fd 13       		.uleb128 0x13
 1215 00fe 02       		.uleb128 0x2
 1216 00ff 18       		.uleb128 0x18
 1217 0100 00       		.byte	0
 1218 0101 00       		.byte	0
 1219 0102 0F       		.uleb128 0xf
 1220 0103 2E       		.uleb128 0x2e
 1221 0104 00       		.byte	0
 1222 0105 3F       		.uleb128 0x3f
 1223 0106 19       		.uleb128 0x19
 1224 0107 03       		.uleb128 0x3
 1225 0108 0E       		.uleb128 0xe
 1226 0109 3A       		.uleb128 0x3a
 1227 010a 0B       		.uleb128 0xb
 1228 010b 3B       		.uleb128 0x3b
 1229 010c 05       		.uleb128 0x5
 1230 010d 27       		.uleb128 0x27
 1231 010e 19       		.uleb128 0x19
 1232 010f 49       		.uleb128 0x49
 1233 0110 13       		.uleb128 0x13
 1234 0111 11       		.uleb128 0x11
 1235 0112 01       		.uleb128 0x1
 1236 0113 12       		.uleb128 0x12
 1237 0114 06       		.uleb128 0x6
 1238 0115 40       		.uleb128 0x40
 1239 0116 18       		.uleb128 0x18
 1240 0117 9742     		.uleb128 0x2117
 1241 0119 19       		.uleb128 0x19
 1242 011a 00       		.byte	0
 1243 011b 00       		.byte	0
 1244 011c 10       		.uleb128 0x10
 1245 011d 34       		.uleb128 0x34
 1246 011e 00       		.byte	0
 1247 011f 03       		.uleb128 0x3
 1248 0120 0E       		.uleb128 0xe
 1249 0121 3A       		.uleb128 0x3a
 1250 0122 0B       		.uleb128 0xb
 1251 0123 3B       		.uleb128 0x3b
 1252 0124 0B       		.uleb128 0xb
 1253 0125 49       		.uleb128 0x49
 1254 0126 13       		.uleb128 0x13
 1255 0127 3F       		.uleb128 0x3f
 1256 0128 19       		.uleb128 0x19
 1257 0129 02       		.uleb128 0x2
 1258 012a 18       		.uleb128 0x18
 1259 012b 00       		.byte	0
 1260 012c 00       		.byte	0
 1261 012d 00       		.byte	0
 1262              		.section	.debug_aranges,"",%progbits
 1263 0000 84000000 		.4byte	0x84
 1264 0004 0200     		.2byte	0x2
 1265 0006 00000000 		.4byte	.Ldebug_info0
 1266 000a 04       		.byte	0x4
ARM GAS  C:\Users\LOCALA~1\AppData\Local\Temp\ccZizSQ2.s 			page 30


 1267 000b 00       		.byte	0
 1268 000c 0000     		.2byte	0
 1269 000e 0000     		.2byte	0
 1270 0010 00000000 		.4byte	.LFB0
 1271 0014 20000000 		.4byte	.LFE0-.LFB0
 1272 0018 00000000 		.4byte	.LFB1
 1273 001c 6C000000 		.4byte	.LFE1-.LFB1
 1274 0020 00000000 		.4byte	.LFB2
 1275 0024 20000000 		.4byte	.LFE2-.LFB2
 1276 0028 00000000 		.4byte	.LFB3
 1277 002c 20000000 		.4byte	.LFE3-.LFB3
 1278 0030 00000000 		.4byte	.LFB4
 1279 0034 40000000 		.4byte	.LFE4-.LFB4
 1280 0038 00000000 		.4byte	.LFB5
 1281 003c 40000000 		.4byte	.LFE5-.LFB5
 1282 0040 00000000 		.4byte	.LFB6
 1283 0044 18000000 		.4byte	.LFE6-.LFB6
 1284 0048 00000000 		.4byte	.LFB7
 1285 004c 30000000 		.4byte	.LFE7-.LFB7
 1286 0050 00000000 		.4byte	.LFB8
 1287 0054 18000000 		.4byte	.LFE8-.LFB8
 1288 0058 00000000 		.4byte	.LFB9
 1289 005c 20000000 		.4byte	.LFE9-.LFB9
 1290 0060 00000000 		.4byte	.LFB10
 1291 0064 18000000 		.4byte	.LFE10-.LFB10
 1292 0068 00000000 		.4byte	.LFB11
 1293 006c 20000000 		.4byte	.LFE11-.LFB11
 1294 0070 00000000 		.4byte	.LFB12
 1295 0074 18000000 		.4byte	.LFE12-.LFB12
 1296 0078 00000000 		.4byte	.LFB13
 1297 007c 20000000 		.4byte	.LFE13-.LFB13
 1298 0080 00000000 		.4byte	0
 1299 0084 00000000 		.4byte	0
 1300              		.section	.debug_ranges,"",%progbits
 1301              	.Ldebug_ranges0:
 1302 0000 00000000 		.4byte	.LFB0
 1303 0004 20000000 		.4byte	.LFE0
 1304 0008 00000000 		.4byte	.LFB1
 1305 000c 6C000000 		.4byte	.LFE1
 1306 0010 00000000 		.4byte	.LFB2
 1307 0014 20000000 		.4byte	.LFE2
 1308 0018 00000000 		.4byte	.LFB3
 1309 001c 20000000 		.4byte	.LFE3
 1310 0020 00000000 		.4byte	.LFB4
 1311 0024 40000000 		.4byte	.LFE4
 1312 0028 00000000 		.4byte	.LFB5
 1313 002c 40000000 		.4byte	.LFE5
 1314 0030 00000000 		.4byte	.LFB6
 1315 0034 18000000 		.4byte	.LFE6
 1316 0038 00000000 		.4byte	.LFB7
 1317 003c 30000000 		.4byte	.LFE7
 1318 0040 00000000 		.4byte	.LFB8
 1319 0044 18000000 		.4byte	.LFE8
 1320 0048 00000000 		.4byte	.LFB9
 1321 004c 20000000 		.4byte	.LFE9
 1322 0050 00000000 		.4byte	.LFB10
 1323 0054 18000000 		.4byte	.LFE10
ARM GAS  C:\Users\LOCALA~1\AppData\Local\Temp\ccZizSQ2.s 			page 31


 1324 0058 00000000 		.4byte	.LFB11
 1325 005c 20000000 		.4byte	.LFE11
 1326 0060 00000000 		.4byte	.LFB12
 1327 0064 18000000 		.4byte	.LFE12
 1328 0068 00000000 		.4byte	.LFB13
 1329 006c 20000000 		.4byte	.LFE13
 1330 0070 00000000 		.4byte	0
 1331 0074 00000000 		.4byte	0
 1332              		.section	.debug_line,"",%progbits
 1333              	.Ldebug_line0:
 1334 0000 56010000 		.section	.debug_str,"MS",%progbits,1
 1334      02004400 
 1334      00000201 
 1334      FB0E0D00 
 1334      01010101 
 1335              	.LASF23:
 1336 0000 50724953 		.ascii	"PrISM_1_WriteSeed\000"
 1336      4D5F315F 
 1336      57726974 
 1336      65536565 
 1336      6400
 1337              	.LASF18:
 1338 0012 50724953 		.ascii	"PrISM_1_Init\000"
 1338      4D5F315F 
 1338      496E6974 
 1338      00
 1339              	.LASF15:
 1340 001f 50724953 		.ascii	"PrISM_1_Start\000"
 1340      4D5F315F 
 1340      53746172 
 1340      7400
 1341              	.LASF37:
 1342 002d 433A5C55 		.ascii	"C:\\Users\\localadmin\\Documents\\GitHub\\LEDflicke"
 1342      73657273 
 1342      5C6C6F63 
 1342      616C6164 
 1342      6D696E5C 
 1343 005b 725C4C45 		.ascii	"r\\LEDflicker.cydsn\000"
 1343      44666C69 
 1343      636B6572 
 1343      2E637964 
 1343      736E00
 1344              	.LASF4:
 1345 006e 73686F72 		.ascii	"short unsigned int\000"
 1345      7420756E 
 1345      7369676E 
 1345      65642069 
 1345      6E7400
 1346              	.LASF0:
 1347 0081 756E7369 		.ascii	"unsigned int\000"
 1347      676E6564 
 1347      20696E74 
 1347      00
 1348              	.LASF16:
 1349 008e 50724953 		.ascii	"PrISM_1_Enable\000"
 1349      4D5F315F 
 1349      456E6162 
ARM GAS  C:\Users\LOCALA~1\AppData\Local\Temp\ccZizSQ2.s 			page 32


 1349      6C6500
 1350              	.LASF21:
 1351 009d 70756C73 		.ascii	"pulse0Type\000"
 1351      65305479 
 1351      706500
 1352              	.LASF30:
 1353 00a8 50724953 		.ascii	"PrISM_1_WritePulse0\000"
 1353      4D5F315F 
 1353      57726974 
 1353      6550756C 
 1353      73653000 
 1354              	.LASF11:
 1355 00bc 666C6F61 		.ascii	"float\000"
 1355      7400
 1356              	.LASF19:
 1357 00c2 50724953 		.ascii	"PrISM_1_SetPulse0Mode\000"
 1357      4D5F315F 
 1357      53657450 
 1357      756C7365 
 1357      304D6F64 
 1358              	.LASF2:
 1359 00d8 756E7369 		.ascii	"unsigned char\000"
 1359      676E6564 
 1359      20636861 
 1359      7200
 1360              	.LASF14:
 1361 00e6 72656738 		.ascii	"reg8\000"
 1361      00
 1362              	.LASF6:
 1363 00eb 6C6F6E67 		.ascii	"long unsigned int\000"
 1363      20756E73 
 1363      69676E65 
 1363      6420696E 
 1363      7400
 1364              	.LASF27:
 1365 00fd 50724953 		.ascii	"PrISM_1_WritePolynomial\000"
 1365      4D5F315F 
 1365      57726974 
 1365      65506F6C 
 1365      796E6F6D 
 1366              	.LASF38:
 1367 0115 656E6162 		.ascii	"enableInterrupts\000"
 1367      6C65496E 
 1367      74657272 
 1367      75707473 
 1367      00
 1368              	.LASF35:
 1369 0126 474E5520 		.ascii	"GNU C 4.9.3 20150303 (release) [ARM/embedded-4_9-br"
 1369      4320342E 
 1369      392E3320 
 1369      32303135 
 1369      30333033 
 1370 0159 616E6368 		.ascii	"anch revision 221220] -mcpu=cortex-m3 -mthumb -g -O"
 1370      20726576 
 1370      6973696F 
 1370      6E203232 
 1370      31323230 
ARM GAS  C:\Users\LOCALA~1\AppData\Local\Temp\ccZizSQ2.s 			page 33


 1371 018c 30202D66 		.ascii	"0 -ffunction-sections -ffat-lto-objects\000"
 1371      66756E63 
 1371      74696F6E 
 1371      2D736563 
 1371      74696F6E 
 1372              	.LASF12:
 1373 01b4 646F7562 		.ascii	"double\000"
 1373      6C6500
 1374              	.LASF28:
 1375 01bb 706F6C79 		.ascii	"polynomial\000"
 1375      6E6F6D69 
 1375      616C00
 1376              	.LASF22:
 1377 01c6 70756C73 		.ascii	"pulse1Type\000"
 1377      65315479 
 1377      706500
 1378              	.LASF20:
 1379 01d1 50724953 		.ascii	"PrISM_1_SetPulse1Mode\000"
 1379      4D5F315F 
 1379      53657450 
 1379      756C7365 
 1379      314D6F64 
 1380              	.LASF17:
 1381 01e7 50724953 		.ascii	"PrISM_1_Stop\000"
 1381      4D5F315F 
 1381      53746F70 
 1381      00
 1382              	.LASF39:
 1383 01f4 50724953 		.ascii	"PrISM_1_initVar\000"
 1383      4D5F315F 
 1383      696E6974 
 1383      56617200 
 1384              	.LASF8:
 1385 0204 6C6F6E67 		.ascii	"long long unsigned int\000"
 1385      206C6F6E 
 1385      6720756E 
 1385      7369676E 
 1385      65642069 
 1386              	.LASF25:
 1387 021b 50724953 		.ascii	"PrISM_1_ReadSeed\000"
 1387      4D5F315F 
 1387      52656164 
 1387      53656564 
 1387      00
 1388              	.LASF26:
 1389 022c 50724953 		.ascii	"PrISM_1_ReadPolynomial\000"
 1389      4D5F315F 
 1389      52656164 
 1389      506F6C79 
 1389      6E6F6D69 
 1390              	.LASF9:
 1391 0243 73697A65 		.ascii	"sizetype\000"
 1391      74797065 
 1391      00
 1392              	.LASF7:
 1393 024c 6C6F6E67 		.ascii	"long long int\000"
 1393      206C6F6E 
ARM GAS  C:\Users\LOCALA~1\AppData\Local\Temp\ccZizSQ2.s 			page 34


 1393      6720696E 
 1393      7400
 1394              	.LASF10:
 1395 025a 63686172 		.ascii	"char\000"
 1395      00
 1396              	.LASF31:
 1397 025f 70756C73 		.ascii	"pulseDensity0\000"
 1397      6544656E 
 1397      73697479 
 1397      3000
 1398              	.LASF34:
 1399 026d 70756C73 		.ascii	"pulseDensity1\000"
 1399      6544656E 
 1399      73697479 
 1399      3100
 1400              	.LASF36:
 1401 027b 47656E65 		.ascii	"Generated_Source\\PSoC5\\PrISM_1.c\000"
 1401      72617465 
 1401      645F536F 
 1401      75726365 
 1401      5C50536F 
 1402              	.LASF33:
 1403 029c 50724953 		.ascii	"PrISM_1_WritePulse1\000"
 1403      4D5F315F 
 1403      57726974 
 1403      6550756C 
 1403      73653100 
 1404              	.LASF3:
 1405 02b0 73686F72 		.ascii	"short int\000"
 1405      7420696E 
 1405      7400
 1406              	.LASF13:
 1407 02ba 75696E74 		.ascii	"uint8\000"
 1407      3800
 1408              	.LASF24:
 1409 02c0 73656564 		.ascii	"seed\000"
 1409      00
 1410              	.LASF5:
 1411 02c5 6C6F6E67 		.ascii	"long int\000"
 1411      20696E74 
 1411      00
 1412              	.LASF1:
 1413 02ce 7369676E 		.ascii	"signed char\000"
 1413      65642063 
 1413      68617200 
 1414              	.LASF29:
 1415 02da 50724953 		.ascii	"PrISM_1_ReadPulse0\000"
 1415      4D5F315F 
 1415      52656164 
 1415      50756C73 
 1415      653000
 1416              	.LASF32:
 1417 02ed 50724953 		.ascii	"PrISM_1_ReadPulse1\000"
 1417      4D5F315F 
 1417      52656164 
 1417      50756C73 
 1417      653100
ARM GAS  C:\Users\LOCALA~1\AppData\Local\Temp\ccZizSQ2.s 			page 35


 1418              		.ident	"GCC: (GNU Tools for ARM Embedded Processors) 4.9.3 20150303 (release) [ARM/embedded-4_9-br
